###############################################################################
#
# IAR ELF Linker V9.30.1.335/W64 for ARM                  10/Nov/2024  21:50:37
# Copyright 2007-2022 IAR Systems AB.
#
#    Output file  =
#        D:\Traveo\T2G_Sample_Driver_Library_8.3.0\tviibe1m\tools\iar\sram\cm0plus_cm4\rev_b\Exe\cm0plus.out
#    Map file     =
#        D:\Traveo\T2G_Sample_Driver_Library_8.3.0\tviibe1m\tools\iar\sram\cm0plus_cm4\rev_b\List\cm0plus.map
#    Command line =
#        -f
#        D:\Traveo\T2G_Sample_Driver_Library_8.3.0\tviibe1m\tools\iar\sram\cm0plus_cm4\rev_b\Exe\cm0plus.out.rsp
#        (D:\Traveo\T2G_Sample_Driver_Library_8.3.0\tviibe1m\tools\iar\sram\cm0plus_cm4\rev_b\Obj\src\drivers\adc\cy_adc.o
#        D:\Traveo\T2G_Sample_Driver_Library_8.3.0\tviibe1m\tools\iar\sram\cm0plus_cm4\rev_b\Obj\src\mw\button\cy_button.o
#        D:\Traveo\T2G_Sample_Driver_Library_8.3.0\tviibe1m\tools\iar\sram\cm0plus_cm4\rev_b\Obj\src\drivers\canfd\cy_canfd.o
#        D:\Traveo\T2G_Sample_Driver_Library_8.3.0\tviibe1m\tools\iar\sram\cm0plus_cm4\rev_b\Obj\src\drivers\cpu\cy_cpu.o
#        D:\Traveo\T2G_Sample_Driver_Library_8.3.0\tviibe1m\tools\iar\sram\cm0plus_cm4\rev_b\Obj\src\drivers\crypto\cy_crypto_config.o
#        D:\Traveo\T2G_Sample_Driver_Library_8.3.0\tviibe1m\tools\iar\sram\cm0plus_cm4\rev_b\Obj\src\drivers\evtgen\cy_evtgen.o
#        D:\Traveo\T2G_Sample_Driver_Library_8.3.0\tviibe1m\tools\iar\sram\cm0plus_cm4\rev_b\Obj\src\drivers\flash\cy_flash.o
#        D:\Traveo\T2G_Sample_Driver_Library_8.3.0\tviibe1m\tools\iar\sram\cm0plus_cm4\rev_b\Obj\src\drivers\gpio\cy_gpio.o
#        D:\Traveo\T2G_Sample_Driver_Library_8.3.0\tviibe1m\tools\iar\sram\cm0plus_cm4\rev_b\Obj\src\interrupts\rev_b\cy_interrupt_map.o
#        D:\Traveo\T2G_Sample_Driver_Library_8.3.0\tviibe1m\tools\iar\sram\cm0plus_cm4\rev_b\Obj\src\drivers\ipc\cy_ipc_drv.o
#        D:\Traveo\T2G_Sample_Driver_Library_8.3.0\tviibe1m\tools\iar\sram\cm0plus_cm4\rev_b\Obj\src\drivers\ipc\cy_ipc_pipe.o
#        D:\Traveo\T2G_Sample_Driver_Library_8.3.0\tviibe1m\tools\iar\sram\cm0plus_cm4\rev_b\Obj\src\drivers\ipc\cy_ipc_sema.o
#        D:\Traveo\T2G_Sample_Driver_Library_8.3.0\tviibe1m\tools\iar\sram\cm0plus_cm4\rev_b\Obj\src\drivers\lin\cy_lin.o
#        D:\Traveo\T2G_Sample_Driver_Library_8.3.0\tviibe1m\tools\iar\sram\cm0plus_cm4\rev_b\Obj\src\drivers\lvd\cy_lvd.o
#        D:\Traveo\T2G_Sample_Driver_Library_8.3.0\tviibe1m\tools\iar\sram\cm0plus_cm4\rev_b\Obj\src\drivers\mcwdt\cy_mcwdt.o
#        D:\Traveo\T2G_Sample_Driver_Library_8.3.0\tviibe1m\tools\iar\sram\cm0plus_cm4\rev_b\Obj\src\drivers\dma\cy_mdma.o
#        D:\Traveo\T2G_Sample_Driver_Library_8.3.0\tviibe1m\tools\iar\sram\cm0plus_cm4\rev_b\Obj\src\drivers\mpu\cy_mpu.o
#        D:\Traveo\T2G_Sample_Driver_Library_8.3.0\tviibe1m\tools\iar\sram\cm0plus_cm4\rev_b\Obj\src\mw\flash\cy_mw_flash.o
#        D:\Traveo\T2G_Sample_Driver_Library_8.3.0\tviibe1m\tools\iar\sram\cm0plus_cm4\rev_b\Obj\src\drivers\dma\cy_pdma.o
#        D:\Traveo\T2G_Sample_Driver_Library_8.3.0\tviibe1m\tools\iar\sram\cm0plus_cm4\rev_b\Obj\src\drivers\prot\cy_prot.o
#        D:\Traveo\T2G_Sample_Driver_Library_8.3.0\tviibe1m\tools\iar\sram\cm0plus_cm4\rev_b\Obj\src\drivers\scb\cy_scb_common.o
#        D:\Traveo\T2G_Sample_Driver_Library_8.3.0\tviibe1m\tools\iar\sram\cm0plus_cm4\rev_b\Obj\src\drivers\scb\cy_scb_ezi2c.o
#        D:\Traveo\T2G_Sample_Driver_Library_8.3.0\tviibe1m\tools\iar\sram\cm0plus_cm4\rev_b\Obj\src\drivers\scb\cy_scb_i2c.o
#        D:\Traveo\T2G_Sample_Driver_Library_8.3.0\tviibe1m\tools\iar\sram\cm0plus_cm4\rev_b\Obj\src\drivers\scb\cy_scb_spi.o
#        D:\Traveo\T2G_Sample_Driver_Library_8.3.0\tviibe1m\tools\iar\sram\cm0plus_cm4\rev_b\Obj\src\drivers\scb\cy_scb_uart.o
#        D:\Traveo\T2G_Sample_Driver_Library_8.3.0\tviibe1m\tools\iar\sram\cm0plus_cm4\rev_b\Obj\src\mw\semihosting\cy_semihosting.o
#        D:\Traveo\T2G_Sample_Driver_Library_8.3.0\tviibe1m\tools\iar\sram\cm0plus_cm4\rev_b\Obj\src\drivers\smartio\cy_smartio.o
#        D:\Traveo\T2G_Sample_Driver_Library_8.3.0\tviibe1m\tools\iar\sram\cm0plus_cm4\rev_b\Obj\src\drivers\srom\cy_srom.o
#        D:\Traveo\T2G_Sample_Driver_Library_8.3.0\tviibe1m\tools\iar\sram\cm0plus_cm4\rev_b\Obj\src\mw\sw_timer\cy_sw_tmr.o
#        D:\Traveo\T2G_Sample_Driver_Library_8.3.0\tviibe1m\tools\iar\sram\cm0plus_cm4\rev_b\Obj\src\drivers\sysclk\cy_sysclk.o
#        D:\Traveo\T2G_Sample_Driver_Library_8.3.0\tviibe1m\tools\iar\sram\cm0plus_cm4\rev_b\Obj\src\drivers\sysflt\cy_sysflt.o
#        D:\Traveo\T2G_Sample_Driver_Library_8.3.0\tviibe1m\tools\iar\sram\cm0plus_cm4\rev_b\Obj\src\drivers\sysint\cy_sysint.o
#        D:\Traveo\T2G_Sample_Driver_Library_8.3.0\tviibe1m\tools\iar\sram\cm0plus_cm4\rev_b\Obj\src\drivers\syslib\cy_syslib.o
#        D:\Traveo\T2G_Sample_Driver_Library_8.3.0\tviibe1m\tools\iar\sram\cm0plus_cm4\rev_b\Obj\src\drivers\syslib\cy_syslib_iar.o
#        D:\Traveo\T2G_Sample_Driver_Library_8.3.0\tviibe1m\tools\iar\sram\cm0plus_cm4\rev_b\Obj\src\drivers\syspm\cy_syspm.o
#        D:\Traveo\T2G_Sample_Driver_Library_8.3.0\tviibe1m\tools\iar\sram\cm0plus_cm4\rev_b\Obj\src\drivers\sysreset\cy_sysreset.o
#        D:\Traveo\T2G_Sample_Driver_Library_8.3.0\tviibe1m\tools\iar\sram\cm0plus_cm4\rev_b\Obj\src\drivers\sysrtc\cy_sysrtc.o
#        D:\Traveo\T2G_Sample_Driver_Library_8.3.0\tviibe1m\tools\iar\sram\cm0plus_cm4\rev_b\Obj\src\drivers\systick\cy_systick.o
#        D:\Traveo\T2G_Sample_Driver_Library_8.3.0\tviibe1m\tools\iar\sram\cm0plus_cm4\rev_b\Obj\src\drivers\syswdt\cy_syswdt.o
#        D:\Traveo\T2G_Sample_Driver_Library_8.3.0\tviibe1m\tools\iar\sram\cm0plus_cm4\rev_b\Obj\src\drivers\tcpwm\cy_tcpwm.o
#        D:\Traveo\T2G_Sample_Driver_Library_8.3.0\tviibe1m\tools\iar\sram\cm0plus_cm4\rev_b\Obj\src\drivers\tcpwm\cy_tcpwm_counter.o
#        D:\Traveo\T2G_Sample_Driver_Library_8.3.0\tviibe1m\tools\iar\sram\cm0plus_cm4\rev_b\Obj\src\drivers\tcpwm\cy_tcpwm_pwm.o
#        D:\Traveo\T2G_Sample_Driver_Library_8.3.0\tviibe1m\tools\iar\sram\cm0plus_cm4\rev_b\Obj\src\drivers\tcpwm\cy_tcpwm_quaddec.o
#        D:\Traveo\T2G_Sample_Driver_Library_8.3.0\tviibe1m\tools\iar\sram\cm0plus_cm4\rev_b\Obj\src\drivers\tcpwm\cy_tcpwm_sr.o
#        D:\Traveo\T2G_Sample_Driver_Library_8.3.0\tviibe1m\tools\iar\sram\cm0plus_cm4\rev_b\Obj\src\drivers\trigmux\cy_trigmux.o
#        D:\Traveo\T2G_Sample_Driver_Library_8.3.0\tviibe1m\tools\iar\sram\cm0plus_cm4\rev_b\Obj\src\main_cm0plus.o
#        D:\Traveo\T2G_Sample_Driver_Library_8.3.0\tviibe1m\tools\iar\sram\cm0plus_cm4\rev_b\Obj\src\startup\startup.o
#        D:\Traveo\T2G_Sample_Driver_Library_8.3.0\tviibe1m\tools\iar\sram\cm0plus_cm4\rev_b\Obj\src\startup\startup_cm0plus.o
#        D:\Traveo\T2G_Sample_Driver_Library_8.3.0\tviibe1m\tools\iar\sram\cm0plus_cm4\rev_b\Obj\src\system\rev_b\system_tviibe1m_cm0plus.o
#        --no_out_extension -o
#        D:\Traveo\T2G_Sample_Driver_Library_8.3.0\tviibe1m\tools\iar\sram\cm0plus_cm4\rev_b\Exe\cm0plus.out
#        --config_def _CORE_cm0plus_=0 --config_def _LINK_sram_=0 --map
#        D:\Traveo\T2G_Sample_Driver_Library_8.3.0\tviibe1m\tools\iar\sram\cm0plus_cm4\rev_b\List\cm0plus.map
#        --config
#        D:\Traveo\T2G_Sample_Driver_Library_8.3.0\tviibe1m\tools\iar\sram\cm0plus_cm4\..\..\linker_directives_tviibe.icf
#        --semihosting
#        D:\Traveo\T2G_Sample_Driver_Library_8.3.0\tviibe1m\tools\iar\sram\cm0plus_cm4\..\..\..\..\src\drivers\crypto\libs\libcrypto_server_cm0plus_iar.a
#        --entry __iar_program_start --vfe --text_out locale --cpu=Cortex-M0+
#        --fpu=None)
#
###############################################################################

*******************************************************************************
*** RUNTIME MODEL ATTRIBUTES
***

CppFlavor       = *
__CPP_Runtime   = 1
__SystemLibrary = DLib
__dlib_version  = 6


*******************************************************************************
*** HEAP SELECTION
***

The basic heap was selected because --advanced_heap
was not specified and the application did not appear to
be primarily optimized for speed.


*******************************************************************************
*** PLACEMENT SUMMARY
***

"A0":  place at start of [from 0x800'0200 to 0x800'ffff] { section .intvec };
"P1":  place in [from 0x800'0200 to 0x800'ffff] { ro };
"P2":  place in [from 0x800'0200 to 0x800'ffff] { rw };
define block HEAP with size = 512, alignment = 8 { };
define block CSTACK with size = 1K, alignment = 8 { };
define block HEAP_STACK { block HEAP, last block CSTACK };
"A2":  place at end of [from 0x800'0200 to 0x800'ffff] { block HEAP_STACK };
do not initialize { section .intvec_ram };
initialize by copy { rw };

No sections matched the following patterns:

  section .cm4_rom  in "A1"


  Section            Kind        Address    Size  Object
  -------            ----        -------    ----  ------
"A0":                                       0x80
  .intvec            ro code  0x800'0200    0x80  startup_cm0plus.o [35]
                            - 0x800'0280    0x80

"P1-P2", part 1 of 4:                     0x1c98
  .text              ro code  0x800'0280   0x618  cy_sysclk.o [19]
  .text              ro code  0x800'0898    0xc0  strncpy.o [39]
  .text              ro code  0x800'0958    0x44  cy_syslib.o [22]
  .text              ro code  0x800'099c    0x34  ABImemcpy.o [39]
  .text              ro code  0x800'09d0    0xae  I32DivModFast.o [39]
  .text              ro code  0x800'0a80    0x42  ABImemset.o [39]
  .text              ro code  0x800'0ac2     0x4  cy_syslib.o [22]
  .text              ro code  0x800'0ac8     0x2  IntDivZer.o [39]
  .text              ro code  0x800'0acc   0x2f4  system_tviibe1m_cm0plus.o [36]
  .text              ro code  0x800'0dc0    0x5c  cy_syswdt.o [27]
  .text              ro code  0x800'0e1c     0x8  startup_cm0plus.o [35]
  .text              ro code  0x800'0e24     0x6  startup_cm0plus.o [35]
  .text              ro code  0x800'0e30    0x1e  cy_syslib_iar.o [22]
  .text              ro code  0x800'0e50   0x2ac  startup.o [35]
  .text              ro code  0x800'10fc   0x18c  cy_gpio.o [9]
  .text              ro code  0x800'1288   0x184  cy_interrupt_map.o [30]
  .text              ro code  0x800'140c    0xf4  cy_systick.o [26]
  .text              ro code  0x800'1500    0x32  I64Mul.o [39]
  .text              ro code  0x800'1532    0x80  lz77_init_single.o [39]
  .text              ro code  0x800'15b4    0x6c  startup_cm0plus.o [35]
  .rodata            const    0x800'1620    0x60  system_tviibe1m_cm0plus.o [36]
  .rodata            const    0x800'1680    0x54  cy_sysclk.o [19]
  .rodata            const    0x800'16d4    0x54  cy_sysclk.o [19]
  .rodata            const    0x800'1728    0x54  cy_systick.o [26]
  .text              ro code  0x800'177c    0x44  main_cm0plus.o [1]
  .text              ro code  0x800'17c0    0x3c  zero_init3.o [39]
  .text              ro code  0x800'17fc    0x28  data_init.o [39]
  .iar.init_table    const    0x800'1824    0x20  - Linker created -
  .text              ro code  0x800'1844    0x20  startup_cm0plus.o [35]
  .text              ro code  0x800'1864    0x1e  cmain.o [39]
  .text              ro code  0x800'1884     0x4  startup_cm0plus.o [35]
  .text              ro code  0x800'1888     0x8  exit.o [37]
  .text              ro code  0x800'1890     0xa  cexit.o [39]
  .text              ro code  0x800'189c    0x14  exit.o [40]
  .text              ro code  0x800'18b0    0x1c  startup_cm0plus.o [35]
  .text              ro code  0x800'18cc    0x1c  cstartup_M.o [39]
  .rodata            const    0x800'18e8    0x18  system_tviibe1m_cm0plus.o [36]
  .text              ro code  0x800'1900     0xc  cy_syslib.o [22]
  .rodata            const    0x800'190c     0x8  startup.o [35]
  .rodata            const    0x800'1914     0x4  cy_interrupt_map.o [30]
  .rodata            const    0x800'1918     0x4  cy_interrupt_map.o [30]
  .rodata            const    0x800'191c     0x4  cy_interrupt_map.o [30]
  .rodata            const    0x800'1920     0x4  cy_interrupt_map.o [30]
  .rodata            const    0x800'1924     0x4  cy_interrupt_map.o [30]
  .rodata            const    0x800'1928     0x4  cy_interrupt_map.o [30]
  .rodata            const    0x800'192c     0x4  cy_interrupt_map.o [30]
  .rodata            const    0x800'1930     0x4  cy_interrupt_map.o [30]
  .text              ro code  0x800'1934     0x2  startup_cm0plus.o [35]
  .text              ro code  0x800'1938     0x2  startup_cm0plus.o [35]
  .text              ro code  0x800'193c     0x2  startup_cm0plus.o [35]
  .text              ro code  0x800'1940     0x2  startup_cm0plus.o [35]
  .text              ro code  0x800'1944     0x2  startup_cm0plus.o [35]
  .text              ro code  0x800'1948     0x2  startup_cm0plus.o [35]
  .text              ro code  0x800'194c     0x2  startup_cm0plus.o [35]
  .text              ro code  0x800'1950     0x2  startup_cm0plus.o [35]
  .text              ro code  0x800'1954     0x2  startup_cm0plus.o [35]
  .text              ro code  0x800'1958     0x2  startup_cm0plus.o [35]
  .text              ro code  0x800'195c     0x2  startup_cm0plus.o [35]
  .rodata            const    0x800'195e     0x0  zero_init3.o [39]
  .rodata            const    0x800'195e     0x0  lz77_init_single.o [39]
  P1-P2-1                     0x800'1960   0x5b8  <Init block>
    .data            inited   0x800'1960   0x584  cy_interrupt_map.o [30]
    .data            inited   0x800'1ee4    0x34  main_cm0plus.o [1]
                            - 0x800'1f18  0x1c98

"P1-P2", part 2 of 4:                       0x70
  .bss               zero     0x800'1f18    0x24  cy_syslib.o [22]
  .bss               zero     0x800'1f3c    0x18  cy_sysclk.o [19]
  .bss               zero     0x800'1f54    0x18  cy_syslib.o [22]
  .bss               zero     0x800'1f6c     0x4  cy_syslib.o [22]
  .bss               zero     0x800'1f70     0x4  system_tviibe1m_cm0plus.o [36]
  .bss               zero     0x800'1f74     0x4  system_tviibe1m_cm0plus.o [36]
  .bss               zero     0x800'1f78     0x4  system_tviibe1m_cm0plus.o [36]
  .bss               zero     0x800'1f7c     0x4  system_tviibe1m_cm0plus.o [36]
  .bss               zero     0x800'1f80     0x4  system_tviibe1m_cm0plus.o [36]
  .bss               zero     0x800'1f84     0x1  cy_sysclk.o [19]
  .bss               zero     0x800'1f85     0x1  cy_systick.o [26]
                            - 0x800'1f86    0x6e

"P1-P2", part 3 of 4:                       0x80
  .intvec_ram        uninit   0x800'2000    0x80  startup_cm0plus.o [35]
                            - 0x800'2080    0x80

"P1-P2", part 4 of 4:                       0xf5
  Initializer bytes  const    0x800'2080    0x1f  <for P1-P2-1>
                            - 0x800'209f    0x1f

"A2":                                      0x400
  HEAP_STACK                  0x800'fc00   0x400  <Block>
    CSTACK                    0x800'fc00   0x400  <Block>
      CSTACK         uninit   0x800'fc00   0x400  <Block tail>
                            - 0x801'0000   0x400

Unused ranges:

        From          To    Size
        ----          --    ----
  0x800'1f88  0x800'1fff    0x78
  0x800'2175  0x800'fbff  0xda8b


*******************************************************************************
*** INIT TABLE
***

          Address     Size
          -------     ----
Zero (__iar_zero_init3)
    1 destination range, total size 0x6e:
          0x800'1f18   0x6e

Copy/lz77 (__iar_lz77_init_single3)
    1 source range, total size 0x1f (2% of destination):
          0x800'2080   0x1f
    1 destination range, total size 0x5b8:
          0x800'1960  0x5b8



*******************************************************************************
*** MODULE SUMMARY
***

    Module                     ro code  ro data  rw data
    ------                     -------  -------  -------
command line/config:
    ----------------------------------------------------
    Total:

D:\Traveo\T2G_Sample_Driver_Library_8.3.0\tviibe1m\tools\iar\sram\cm0plus_cm4\rev_b\Obj\src: [1]
    main_cm0plus.o                  68        2       52
    ----------------------------------------------------
    Total:                          68        2       52

D:\Traveo\T2G_Sample_Driver_Library_8.3.0\tviibe1m\tools\iar\sram\cm0plus_cm4\rev_b\Obj\src\drivers\adc: [2]
    ----------------------------------------------------
    Total:

D:\Traveo\T2G_Sample_Driver_Library_8.3.0\tviibe1m\tools\iar\sram\cm0plus_cm4\rev_b\Obj\src\drivers\canfd: [3]
    ----------------------------------------------------
    Total:

D:\Traveo\T2G_Sample_Driver_Library_8.3.0\tviibe1m\tools\iar\sram\cm0plus_cm4\rev_b\Obj\src\drivers\cpu: [4]
    ----------------------------------------------------
    Total:

D:\Traveo\T2G_Sample_Driver_Library_8.3.0\tviibe1m\tools\iar\sram\cm0plus_cm4\rev_b\Obj\src\drivers\crypto: [5]
    ----------------------------------------------------
    Total:

D:\Traveo\T2G_Sample_Driver_Library_8.3.0\tviibe1m\tools\iar\sram\cm0plus_cm4\rev_b\Obj\src\drivers\dma: [6]
    ----------------------------------------------------
    Total:

D:\Traveo\T2G_Sample_Driver_Library_8.3.0\tviibe1m\tools\iar\sram\cm0plus_cm4\rev_b\Obj\src\drivers\evtgen: [7]
    ----------------------------------------------------
    Total:

D:\Traveo\T2G_Sample_Driver_Library_8.3.0\tviibe1m\tools\iar\sram\cm0plus_cm4\rev_b\Obj\src\drivers\flash: [8]
    ----------------------------------------------------
    Total:

D:\Traveo\T2G_Sample_Driver_Library_8.3.0\tviibe1m\tools\iar\sram\cm0plus_cm4\rev_b\Obj\src\drivers\gpio: [9]
    cy_gpio.o                      396
    ----------------------------------------------------
    Total:                         396

D:\Traveo\T2G_Sample_Driver_Library_8.3.0\tviibe1m\tools\iar\sram\cm0plus_cm4\rev_b\Obj\src\drivers\ipc: [10]
    ----------------------------------------------------
    Total:

D:\Traveo\T2G_Sample_Driver_Library_8.3.0\tviibe1m\tools\iar\sram\cm0plus_cm4\rev_b\Obj\src\drivers\lin: [11]
    ----------------------------------------------------
    Total:

D:\Traveo\T2G_Sample_Driver_Library_8.3.0\tviibe1m\tools\iar\sram\cm0plus_cm4\rev_b\Obj\src\drivers\lvd: [12]
    ----------------------------------------------------
    Total:

D:\Traveo\T2G_Sample_Driver_Library_8.3.0\tviibe1m\tools\iar\sram\cm0plus_cm4\rev_b\Obj\src\drivers\mcwdt: [13]
    ----------------------------------------------------
    Total:

D:\Traveo\T2G_Sample_Driver_Library_8.3.0\tviibe1m\tools\iar\sram\cm0plus_cm4\rev_b\Obj\src\drivers\mpu: [14]
    ----------------------------------------------------
    Total:

D:\Traveo\T2G_Sample_Driver_Library_8.3.0\tviibe1m\tools\iar\sram\cm0plus_cm4\rev_b\Obj\src\drivers\prot: [15]
    ----------------------------------------------------
    Total:

D:\Traveo\T2G_Sample_Driver_Library_8.3.0\tviibe1m\tools\iar\sram\cm0plus_cm4\rev_b\Obj\src\drivers\scb: [16]
    ----------------------------------------------------
    Total:

D:\Traveo\T2G_Sample_Driver_Library_8.3.0\tviibe1m\tools\iar\sram\cm0plus_cm4\rev_b\Obj\src\drivers\smartio: [17]
    ----------------------------------------------------
    Total:

D:\Traveo\T2G_Sample_Driver_Library_8.3.0\tviibe1m\tools\iar\sram\cm0plus_cm4\rev_b\Obj\src\drivers\srom: [18]
    ----------------------------------------------------
    Total:

D:\Traveo\T2G_Sample_Driver_Library_8.3.0\tviibe1m\tools\iar\sram\cm0plus_cm4\rev_b\Obj\src\drivers\sysclk: [19]
    cy_sysclk.o                  1'560      168       25
    ----------------------------------------------------
    Total:                       1'560      168       25

D:\Traveo\T2G_Sample_Driver_Library_8.3.0\tviibe1m\tools\iar\sram\cm0plus_cm4\rev_b\Obj\src\drivers\sysflt: [20]
    ----------------------------------------------------
    Total:

D:\Traveo\T2G_Sample_Driver_Library_8.3.0\tviibe1m\tools\iar\sram\cm0plus_cm4\rev_b\Obj\src\drivers\sysint: [21]
    ----------------------------------------------------
    Total:

D:\Traveo\T2G_Sample_Driver_Library_8.3.0\tviibe1m\tools\iar\sram\cm0plus_cm4\rev_b\Obj\src\drivers\syslib: [22]
    cy_syslib.o                     84                64
    cy_syslib_iar.o                 30
    ----------------------------------------------------
    Total:                         114                64

D:\Traveo\T2G_Sample_Driver_Library_8.3.0\tviibe1m\tools\iar\sram\cm0plus_cm4\rev_b\Obj\src\drivers\syspm: [23]
    ----------------------------------------------------
    Total:

D:\Traveo\T2G_Sample_Driver_Library_8.3.0\tviibe1m\tools\iar\sram\cm0plus_cm4\rev_b\Obj\src\drivers\sysreset: [24]
    ----------------------------------------------------
    Total:

D:\Traveo\T2G_Sample_Driver_Library_8.3.0\tviibe1m\tools\iar\sram\cm0plus_cm4\rev_b\Obj\src\drivers\sysrtc: [25]
    ----------------------------------------------------
    Total:

D:\Traveo\T2G_Sample_Driver_Library_8.3.0\tviibe1m\tools\iar\sram\cm0plus_cm4\rev_b\Obj\src\drivers\systick: [26]
    cy_systick.o                   244       84        1
    ----------------------------------------------------
    Total:                         244       84        1

D:\Traveo\T2G_Sample_Driver_Library_8.3.0\tviibe1m\tools\iar\sram\cm0plus_cm4\rev_b\Obj\src\drivers\syswdt: [27]
    cy_syswdt.o                     92
    ----------------------------------------------------
    Total:                          92

D:\Traveo\T2G_Sample_Driver_Library_8.3.0\tviibe1m\tools\iar\sram\cm0plus_cm4\rev_b\Obj\src\drivers\tcpwm: [28]
    ----------------------------------------------------
    Total:

D:\Traveo\T2G_Sample_Driver_Library_8.3.0\tviibe1m\tools\iar\sram\cm0plus_cm4\rev_b\Obj\src\drivers\trigmux: [29]
    ----------------------------------------------------
    Total:

D:\Traveo\T2G_Sample_Driver_Library_8.3.0\tviibe1m\tools\iar\sram\cm0plus_cm4\rev_b\Obj\src\interrupts\rev_b: [30]
    cy_interrupt_map.o             388       61    1'412
    ----------------------------------------------------
    Total:                         388       61    1'412

D:\Traveo\T2G_Sample_Driver_Library_8.3.0\tviibe1m\tools\iar\sram\cm0plus_cm4\rev_b\Obj\src\mw\button: [31]
    ----------------------------------------------------
    Total:

D:\Traveo\T2G_Sample_Driver_Library_8.3.0\tviibe1m\tools\iar\sram\cm0plus_cm4\rev_b\Obj\src\mw\flash: [32]
    ----------------------------------------------------
    Total:

D:\Traveo\T2G_Sample_Driver_Library_8.3.0\tviibe1m\tools\iar\sram\cm0plus_cm4\rev_b\Obj\src\mw\semihosting: [33]
    ----------------------------------------------------
    Total:

D:\Traveo\T2G_Sample_Driver_Library_8.3.0\tviibe1m\tools\iar\sram\cm0plus_cm4\rev_b\Obj\src\mw\sw_timer: [34]
    ----------------------------------------------------
    Total:

D:\Traveo\T2G_Sample_Driver_Library_8.3.0\tviibe1m\tools\iar\sram\cm0plus_cm4\rev_b\Obj\src\startup: [35]
    startup.o                      684        8
    startup_cm0plus.o              336               128
    ----------------------------------------------------
    Total:                       1'020        8      128

D:\Traveo\T2G_Sample_Driver_Library_8.3.0\tviibe1m\tools\iar\sram\cm0plus_cm4\rev_b\Obj\src\system\rev_b: [36]
    system_tviibe1m_cm0plus.o      756      120       20
    ----------------------------------------------------
    Total:                         756      120       20

dl6M_tln.a: [37]
    exit.o                           8
    ----------------------------------------------------
    Total:                           8

m6M_tl.a: [38]
    ----------------------------------------------------
    Total:

rt6M_tl.a: [39]
    ABImemcpy.o                     52
    ABImemset.o                     66
    I32DivModFast.o                174
    I64Mul.o                        50
    IntDivZer.o                      2
    cexit.o                         10
    cmain.o                         30
    cstartup_M.o                    28
    data_init.o                     40
    lz77_init_single.o             128
    strncpy.o                      192
    zero_init3.o                    60
    ----------------------------------------------------
    Total:                         832

shb_l.a: [40]
    exit.o                          20
    ----------------------------------------------------
    Total:                          20

    Gaps                            40
    Linker created                           32    1'024
--------------------------------------------------------
    Grand Total:                 5'538      475    2'726


*******************************************************************************
*** ENTRY LIST
***

Entry                      Address   Size  Type      Object
-----                      -------   ----  ----      ------
.iar.init_table$$Base   0x800'1824          --   Gb  - Linker created -
.iar.init_table$$Limit  0x800'1844          --   Gb  - Linker created -
?main                   0x800'1865         Code  Gb  cmain.o [39]
CSTACK$$Base            0x800'fc00          --   Gb  - Linker created -
CSTACK$$Limit           0x801'0000          --   Gb  - Linker created -
CopyVectorTable         0x800'100f   0x32  Code  Lc  startup.o [35]
CpuUserInt0_Handler     0x800'12a5   0x24  Code  Gb  cy_interrupt_map.o [30]
CpuUserInt10_Handler    0x800'1949         Code  Wk  startup_cm0plus.o [35]
CpuUserInt11_Handler    0x800'194d         Code  Wk  startup_cm0plus.o [35]
CpuUserInt12_Handler    0x800'1951         Code  Wk  startup_cm0plus.o [35]
CpuUserInt13_Handler    0x800'1955         Code  Wk  startup_cm0plus.o [35]
CpuUserInt14_Handler    0x800'1959         Code  Wk  startup_cm0plus.o [35]
CpuUserInt15_Handler    0x800'195d         Code  Wk  startup_cm0plus.o [35]
CpuUserInt1_Handler     0x800'12c9   0x24  Code  Gb  cy_interrupt_map.o [30]
CpuUserInt2_Handler     0x800'12ed   0x24  Code  Gb  cy_interrupt_map.o [30]
CpuUserInt3_Handler     0x800'1311   0x24  Code  Gb  cy_interrupt_map.o [30]
CpuUserInt4_Handler     0x800'1335   0x24  Code  Gb  cy_interrupt_map.o [30]
CpuUserInt5_Handler     0x800'1359   0x24  Code  Gb  cy_interrupt_map.o [30]
CpuUserInt6_Handler     0x800'137d   0x24  Code  Gb  cy_interrupt_map.o [30]
CpuUserInt7_Handler     0x800'13a1   0x24  Code  Gb  cy_interrupt_map.o [30]
CpuUserInt8_Handler     0x800'1941         Code  Wk  startup_cm0plus.o [35]
CpuUserInt9_Handler     0x800'1945         Code  Wk  startup_cm0plus.o [35]
Cy_DefaultUserHandler   0x800'12a1    0x4  Code  Gb  cy_interrupt_map.o [30]
Cy_GPIO_ClearInterrupt  0x800'11c9    0xc  Code  Lc  cy_gpio.o [9]
Cy_GPIO_Inv             0x800'177d    0x8  Code  Lc  main_cm0plus.o [1]
Cy_GPIO_Pin_Init        0x800'120b   0x72  Code  Gb  cy_gpio.o [9]
Cy_GPIO_SetDriveSel     0x800'11ab   0x1e  Code  Lc  cy_gpio.o [9]
Cy_GPIO_SetDrivemode    0x800'115b   0x1c  Code  Lc  cy_gpio.o [9]
Cy_GPIO_SetHSIOM        0x800'10fd   0x48  Code  Lc  cy_gpio.o [9]
Cy_GPIO_SetInterruptEdge
                        0x800'11ef   0x1c  Code  Lc  cy_gpio.o [9]
Cy_GPIO_SetInterruptMask
                        0x800'11d5   0x1a  Code  Lc  cy_gpio.o [9]
Cy_GPIO_SetSlewRate     0x800'1191   0x1a  Code  Lc  cy_gpio.o [9]
Cy_GPIO_SetVtrip        0x800'1177   0x1a  Code  Lc  cy_gpio.o [9]
Cy_GPIO_Write           0x800'1145   0x16  Code  Lc  cy_gpio.o [9]
Cy_RestoreIRQ           0x800'0e25         Code  Gb  startup_cm0plus.o [35]
Cy_SaveIRQ              0x800'0e1d         Code  Gb  startup_cm0plus.o [35]
Cy_SysClk_ClkPathGetSource
                        0x800'038d   0x4c  Code  Gb  cy_sysclk.o [19]
Cy_SysClk_EcoGetStatus  0x800'0281   0x1a  Code  Lc  cy_sysclk.o [19]
Cy_SysClk_FllGetConfiguration
                        0x800'03ed   0x72  Code  Gb  cy_sysclk.o [19]
Cy_SysClk_FllGetLockStatus
                        0x800'029b    0xc  Code  Lc  cy_sysclk.o [19]
Cy_SysClk_GetClkPeriFrequency
                        0x800'0835   0x32  Code  Gb  cy_sysclk.o [19]
Cy_SysClk_GetClkSlowFrequency
                        0x800'0867   0x2a  Code  Gb  cy_sysclk.o [19]
Cy_SysClk_GetCoreFrequency
                        0x800'0891    0x8  Code  Gb  cy_sysclk.o [19]
Cy_SysClk_GetEcoFrequency
                        0x800'0503   0x2e  Code  Gb  cy_sysclk.o [19]
Cy_SysClk_GetExtFrequency
                        0x800'0533   0x1c  Code  Gb  cy_sysclk.o [19]
Cy_SysClk_GetFllInputFrequency
                        0x800'063f    0xc  Code  Gb  cy_sysclk.o [19]
Cy_SysClk_GetFllOutputFrequency
                        0x800'0667   0x72  Code  Gb  cy_sysclk.o [19]
Cy_SysClk_GetHfClkFrequency
                        0x800'07c3   0x68  Code  Gb  cy_sysclk.o [19]
Cy_SysClk_GetIlo0Frequency
                        0x800'054f   0x2e  Code  Gb  cy_sysclk.o [19]
Cy_SysClk_GetIlo1Frequency
                        0x800'057f   0x2e  Code  Gb  cy_sysclk.o [19]
Cy_SysClk_GetImoFrequency
                        0x800'04d3   0x2e  Code  Gb  cy_sysclk.o [19]
Cy_SysClk_GetPathFrequency
                        0x800'0791   0x32  Code  Gb  cy_sysclk.o [19]
Cy_SysClk_GetPathSourceFrequency
                        0x800'05df   0x60  Code  Gb  cy_sysclk.o [19]
Cy_SysClk_GetPllInputFrequency
                        0x800'064b   0x1c  Code  Gb  cy_sysclk.o [19]
Cy_SysClk_GetPllOutputFrequency
                        0x800'06e9   0xa0  Code  Gb  cy_sysclk.o [19]
Cy_SysClk_GetWcoFrequency
                        0x800'05af   0x2e  Code  Gb  cy_sysclk.o [19]
Cy_SysClk_HfClockGetDivider
                        0x800'0313   0x3a  Code  Lc  cy_sysclk.o [19]
Cy_SysClk_HfClockGetSource
                        0x800'02db   0x36  Code  Lc  cy_sysclk.o [19]
Cy_SysClk_InitGetFreqParams
                        0x800'04bd   0x16  Code  Gb  cy_sysclk.o [19]
Cy_SysClk_PeriClkGetDivider
                        0x800'034d    0xa  Code  Lc  cy_sysclk.o [19]
Cy_SysClk_PllGetConfiguration
                        0x800'0471   0x44  Code  Gb  cy_sysclk.o [19]
Cy_SysClk_PllGetLockStatus
                        0x800'02a7   0x22  Code  Lc  cy_sysclk.o [19]
Cy_SysClk_SlowClkGetDivider
                        0x800'035d    0xa  Code  Lc  cy_sysclk.o [19]
Cy_SysClk_WcoOkay       0x800'02cb    0xe  Code  Lc  cy_sysclk.o [19]
Cy_SysEnableApplCore    0x800'0cfd   0x2c  Code  Gb  system_tviibe1m_cm0plus.o [36]
Cy_SysGetApplCoreStatus
                        0x800'0cef    0xa  Code  Gb  system_tviibe1m_cm0plus.o [36]
Cy_SysLib_DelayCycles   0x800'0e31         Code  Gb  cy_syslib_iar.o [22]
Cy_SysLib_EnterCriticalSection
                        0x800'0e41         Code  Gb  cy_syslib_iar.o [22]
Cy_SysLib_ExitCriticalSection
                        0x800'0e49         Code  Gb  cy_syslib_iar.o [22]
Cy_SysLib_FaultHandler  0x800'095f   0x34  Code  Gb  cy_syslib.o [22]
Cy_SysLib_Halt          0x800'0959    0x6  Code  Gb  cy_syslib.o [22]
Cy_SysLib_ProcessingFault
                        0x800'0ac3    0x4  Code  Wk  cy_syslib.o [22]
Cy_SysLib_SvcHandler    0x800'1901    0xc  Code  Wk  cy_syslib.o [22]
Cy_SysTick_DelayCoreCycle
                        0x800'140d   0x80  Code  Gb  cy_systick.o [26]
Cy_SysTick_DelayCoreCycle::isThisBeingCalled
                        0x800'1f85    0x1  Data  Lc  cy_systick.o [26]
Cy_SysTick_DelayInUs    0x800'148d   0x44  Code  Gb  cy_systick.o [26]
Cy_SystemIrqUserTable   0x800'1960  0x584  Data  Gb  cy_interrupt_map.o [30]
Cy_WDT_Disable          0x800'0dfd   0x16  Code  Gb  cy_syswdt.o [27]
Cy_WDT_Lock             0x800'0dc1   0x16  Code  Gb  cy_syswdt.o [27]
Cy_WDT_Unlock           0x800'0dd7   0x26  Code  Gb  cy_syswdt.o [27]
Cy_u32StartupStackEndAddress
                        0x800'161c         Data  Gb  startup_cm0plus.o [35]
Cy_u32StartupStackStartAddress
                        0x800'1618         Data  Gb  startup_cm0plus.o [35]
HEAP_STACK$$Base        0x800'fc00          --   Gb  - Linker created -
HEAP_STACK$$Limit       0x801'0000          --   Gb  - Linker created -
HardFault_Handler       0x800'1845         Code  Wk  startup_cm0plus.o [35]
InitRamEcc              0x800'0ef1  0x10a  Code  Lc  startup.o [35]
InitRamEccClearArea     0x800'0ffb   0x14  Code  Lc  startup.o [35]
NMI_Handler             0x800'1935         Code  Wk  startup_cm0plus.o [35]
PendSV_Handler          0x800'1939         Code  Wk  startup_cm0plus.o [35]
PrepareSystemCallInfrastructure
                        0x800'1041   0x92  Code  Lc  startup.o [35]
Region$$Table$$Base     0x800'1824          --   Gb  - Linker created -
Region$$Table$$Limit    0x800'1844          --   Gb  - Linker created -
Reset_Handler           0x800'15b5         Code  Wk  startup_cm0plus.o [35]
SVC_Handler             0x800'18b1         Code  Wk  startup_cm0plus.o [35]
Startup_Init            0x800'0ee1   0x10  Code  Gb  startup.o [35]
SysTick_Handler         0x800'193d         Code  Wk  startup_cm0plus.o [35]
SystemCoreClock         0x800'1f70    0x4  Data  Gb  system_tviibe1m_cm0plus.o [36]
SystemCoreClockUpdate   0x800'0c5b   0x94  Code  Gb  system_tviibe1m_cm0plus.o [36]
SystemInit              0x800'0acd  0x18e  Code  Gb  system_tviibe1m_cm0plus.o [36]
__NVIC_ClearPendingIRQ  0x800'1289   0x18  Code  Lc  cy_interrupt_map.o [30]
__NVIC_EnableIRQ        0x800'0e51   0x18  Code  Lc  startup.o [35]
__NVIC_SetPriority      0x800'0e69   0x78  Code  Lc  startup.o [35]
__Vectors               0x800'0200          --   Gb  startup_cm0plus.o [35]
__Vectors_End           0x800'0280         Data  Gb  startup_cm0plus.o [35]
__Vectors_Size {Abs}          0x80          --   Gb  startup_cm0plus.o [35]
__aeabi_idiv0           0x800'0ac9         Code  Gb  IntDivZer.o [39]
__aeabi_lmul            0x800'1501         Code  Gb  I64Mul.o [39]
__aeabi_memcpy4         0x800'099d         Code  Gb  ABImemcpy.o [39]
__aeabi_memcpy8         0x800'099d         Code  Gb  ABImemcpy.o [39]
__aeabi_uidiv           0x800'09d1         Code  Gb  I32DivModFast.o [39]
__aeabi_uidivmod        0x800'09d1         Code  Gb  I32DivModFast.o [39]
__cm4_vector_base_linker_symbol {Abs}
                        0x801'0000         Data  Gb  <internal module>
__cmain                 0x800'1865         Code  Gb  cmain.o [39]
__ecc_init_sram_end_address {Abs}
                        0x800'01ff         Data  Gb  <internal module>
__ecc_init_sram_start_address {Abs}
                        0x800'0200         Data  Gb  <internal module>
__exit                  0x800'189d   0x14  Code  Gb  exit.o [40]
__iar_Memset4_word      0x800'0a95         Code  Gb  ABImemset.o [39]
__iar_Memset_word       0x800'0a81         Code  Gb  ABImemset.o [39]
__iar_data_init3        0x800'17fd   0x28  Code  Gb  data_init.o [39]
__iar_lz77_init_single3
                        0x800'1533   0x80  Code  Gb  lz77_init_single.o [39]
__iar_program_start     0x800'18cd         Code  Gb  cstartup_M.o [39]
__iar_zero_init3        0x800'17c1   0x3c  Code  Gb  zero_init3.o [39]
__low_level_init        0x800'1885         Code  Gb  startup_cm0plus.o [35]
__ramVectors            0x800'2000         Data  Gb  startup_cm0plus.o [35]
__vector_table          0x800'0200         Data  Gb  startup_cm0plus.o [35]
__vector_table_0x1c     0x800'021c         Data  Gb  startup_cm0plus.o [35]
_call_main              0x800'1871         Code  Gb  cmain.o [39]
_exit                   0x800'1891         Code  Gb  cexit.o [39]
cy_assertFileName       0x800'1f54   0x18  Data  Gb  cy_syslib.o [22]
cy_assertLine           0x800'1f6c    0x4  Data  Gb  cy_syslib.o [22]
cy_delay32kMs           0x800'1f80    0x4  Data  Gb  system_tviibe1m_cm0plus.o [36]
cy_delayFreqHz          0x800'1f74    0x4  Data  Gb  system_tviibe1m_cm0plus.o [36]
cy_delayFreqKhz         0x800'1f78    0x4  Data  Gb  system_tviibe1m_cm0plus.o [36]
cy_delayFreqMhz         0x800'1f7c    0x4  Data  Gb  system_tviibe1m_cm0plus.o [36]
cy_faultFrame           0x800'1f18   0x24  Data  Gb  cy_syslib.o [22]
exit                    0x800'1889    0x8  Code  Gb  exit.o [37]
intFreqInitialized      0x800'1f84    0x1  Data  Gb  cy_sysclk.o [19]
internalBaseFreqInfo    0x800'1f3c   0x18  Data  Gb  cy_sysclk.o [19]
main                    0x800'1785   0x2a  Code  Gb  main_cm0plus.o [1]
strncpy                 0x800'0899         Code  Gb  strncpy.o [39]
user_led_port_pin_cfg   0x800'1ee4   0x34  Data  Gb  main_cm0plus.o [1]


[1] = D:\Traveo\T2G_Sample_Driver_Library_8.3.0\tviibe1m\tools\iar\sram\cm0plus_cm4\rev_b\Obj\src
[2] = D:\Traveo\T2G_Sample_Driver_Library_8.3.0\tviibe1m\tools\iar\sram\cm0plus_cm4\rev_b\Obj\src\drivers\adc
[3] = D:\Traveo\T2G_Sample_Driver_Library_8.3.0\tviibe1m\tools\iar\sram\cm0plus_cm4\rev_b\Obj\src\drivers\canfd
[4] = D:\Traveo\T2G_Sample_Driver_Library_8.3.0\tviibe1m\tools\iar\sram\cm0plus_cm4\rev_b\Obj\src\drivers\cpu
[5] = D:\Traveo\T2G_Sample_Driver_Library_8.3.0\tviibe1m\tools\iar\sram\cm0plus_cm4\rev_b\Obj\src\drivers\crypto
[6] = D:\Traveo\T2G_Sample_Driver_Library_8.3.0\tviibe1m\tools\iar\sram\cm0plus_cm4\rev_b\Obj\src\drivers\dma
[7] = D:\Traveo\T2G_Sample_Driver_Library_8.3.0\tviibe1m\tools\iar\sram\cm0plus_cm4\rev_b\Obj\src\drivers\evtgen
[8] = D:\Traveo\T2G_Sample_Driver_Library_8.3.0\tviibe1m\tools\iar\sram\cm0plus_cm4\rev_b\Obj\src\drivers\flash
[9] = D:\Traveo\T2G_Sample_Driver_Library_8.3.0\tviibe1m\tools\iar\sram\cm0plus_cm4\rev_b\Obj\src\drivers\gpio
[10] = D:\Traveo\T2G_Sample_Driver_Library_8.3.0\tviibe1m\tools\iar\sram\cm0plus_cm4\rev_b\Obj\src\drivers\ipc
[11] = D:\Traveo\T2G_Sample_Driver_Library_8.3.0\tviibe1m\tools\iar\sram\cm0plus_cm4\rev_b\Obj\src\drivers\lin
[12] = D:\Traveo\T2G_Sample_Driver_Library_8.3.0\tviibe1m\tools\iar\sram\cm0plus_cm4\rev_b\Obj\src\drivers\lvd
[13] = D:\Traveo\T2G_Sample_Driver_Library_8.3.0\tviibe1m\tools\iar\sram\cm0plus_cm4\rev_b\Obj\src\drivers\mcwdt
[14] = D:\Traveo\T2G_Sample_Driver_Library_8.3.0\tviibe1m\tools\iar\sram\cm0plus_cm4\rev_b\Obj\src\drivers\mpu
[15] = D:\Traveo\T2G_Sample_Driver_Library_8.3.0\tviibe1m\tools\iar\sram\cm0plus_cm4\rev_b\Obj\src\drivers\prot
[16] = D:\Traveo\T2G_Sample_Driver_Library_8.3.0\tviibe1m\tools\iar\sram\cm0plus_cm4\rev_b\Obj\src\drivers\scb
[17] = D:\Traveo\T2G_Sample_Driver_Library_8.3.0\tviibe1m\tools\iar\sram\cm0plus_cm4\rev_b\Obj\src\drivers\smartio
[18] = D:\Traveo\T2G_Sample_Driver_Library_8.3.0\tviibe1m\tools\iar\sram\cm0plus_cm4\rev_b\Obj\src\drivers\srom
[19] = D:\Traveo\T2G_Sample_Driver_Library_8.3.0\tviibe1m\tools\iar\sram\cm0plus_cm4\rev_b\Obj\src\drivers\sysclk
[20] = D:\Traveo\T2G_Sample_Driver_Library_8.3.0\tviibe1m\tools\iar\sram\cm0plus_cm4\rev_b\Obj\src\drivers\sysflt
[21] = D:\Traveo\T2G_Sample_Driver_Library_8.3.0\tviibe1m\tools\iar\sram\cm0plus_cm4\rev_b\Obj\src\drivers\sysint
[22] = D:\Traveo\T2G_Sample_Driver_Library_8.3.0\tviibe1m\tools\iar\sram\cm0plus_cm4\rev_b\Obj\src\drivers\syslib
[23] = D:\Traveo\T2G_Sample_Driver_Library_8.3.0\tviibe1m\tools\iar\sram\cm0plus_cm4\rev_b\Obj\src\drivers\syspm
[24] = D:\Traveo\T2G_Sample_Driver_Library_8.3.0\tviibe1m\tools\iar\sram\cm0plus_cm4\rev_b\Obj\src\drivers\sysreset
[25] = D:\Traveo\T2G_Sample_Driver_Library_8.3.0\tviibe1m\tools\iar\sram\cm0plus_cm4\rev_b\Obj\src\drivers\sysrtc
[26] = D:\Traveo\T2G_Sample_Driver_Library_8.3.0\tviibe1m\tools\iar\sram\cm0plus_cm4\rev_b\Obj\src\drivers\systick
[27] = D:\Traveo\T2G_Sample_Driver_Library_8.3.0\tviibe1m\tools\iar\sram\cm0plus_cm4\rev_b\Obj\src\drivers\syswdt
[28] = D:\Traveo\T2G_Sample_Driver_Library_8.3.0\tviibe1m\tools\iar\sram\cm0plus_cm4\rev_b\Obj\src\drivers\tcpwm
[29] = D:\Traveo\T2G_Sample_Driver_Library_8.3.0\tviibe1m\tools\iar\sram\cm0plus_cm4\rev_b\Obj\src\drivers\trigmux
[30] = D:\Traveo\T2G_Sample_Driver_Library_8.3.0\tviibe1m\tools\iar\sram\cm0plus_cm4\rev_b\Obj\src\interrupts\rev_b
[31] = D:\Traveo\T2G_Sample_Driver_Library_8.3.0\tviibe1m\tools\iar\sram\cm0plus_cm4\rev_b\Obj\src\mw\button
[32] = D:\Traveo\T2G_Sample_Driver_Library_8.3.0\tviibe1m\tools\iar\sram\cm0plus_cm4\rev_b\Obj\src\mw\flash
[33] = D:\Traveo\T2G_Sample_Driver_Library_8.3.0\tviibe1m\tools\iar\sram\cm0plus_cm4\rev_b\Obj\src\mw\semihosting
[34] = D:\Traveo\T2G_Sample_Driver_Library_8.3.0\tviibe1m\tools\iar\sram\cm0plus_cm4\rev_b\Obj\src\mw\sw_timer
[35] = D:\Traveo\T2G_Sample_Driver_Library_8.3.0\tviibe1m\tools\iar\sram\cm0plus_cm4\rev_b\Obj\src\startup
[36] = D:\Traveo\T2G_Sample_Driver_Library_8.3.0\tviibe1m\tools\iar\sram\cm0plus_cm4\rev_b\Obj\src\system\rev_b
[37] = dl6M_tln.a
[38] = m6M_tl.a
[39] = rt6M_tl.a
[40] = shb_l.a

  5'538 bytes of readonly  code memory
    475 bytes of readonly  data memory
  2'726 bytes of readwrite data memory

Errors: none
Warnings: none
