###############################################################################
#
# IAR ELF Linker V9.30.1.335/W64 for ARM                  10/Nov/2024  21:54:10
# Copyright 2007-2022 IAR Systems AB.
#
#    Output file  =
#        D:\Traveo\T2G_Sample_Driver_Library_8.3.0\tviibe1m\tools\iar\sram\cm4_mc\rev_b\Exe\cm4.out
#    Map file     =
#        D:\Traveo\T2G_Sample_Driver_Library_8.3.0\tviibe1m\tools\iar\sram\cm4_mc\rev_b\List\cm4.map
#    Command line =
#        -f
#        D:\Traveo\T2G_Sample_Driver_Library_8.3.0\tviibe1m\tools\iar\sram\cm4_mc\rev_b\Exe\cm4.out.rsp
#        (D:\Traveo\T2G_Sample_Driver_Library_8.3.0\tviibe1m\tools\iar\sram\cm4_mc\rev_b\Obj\src\drivers\adc\cy_adc.o
#        D:\Traveo\T2G_Sample_Driver_Library_8.3.0\tviibe1m\tools\iar\sram\cm4_mc\rev_b\Obj\src\mw\button\cy_button.o
#        D:\Traveo\T2G_Sample_Driver_Library_8.3.0\tviibe1m\tools\iar\sram\cm4_mc\rev_b\Obj\src\drivers\canfd\cy_canfd.o
#        D:\Traveo\T2G_Sample_Driver_Library_8.3.0\tviibe1m\tools\iar\sram\cm4_mc\rev_b\Obj\src\drivers\cpu\cy_cpu.o
#        D:\Traveo\T2G_Sample_Driver_Library_8.3.0\tviibe1m\tools\iar\sram\cm4_mc\rev_b\Obj\src\drivers\crypto\cy_crypto_config.o
#        D:\Traveo\T2G_Sample_Driver_Library_8.3.0\tviibe1m\tools\iar\sram\cm4_mc\rev_b\Obj\src\drivers\evtgen\cy_evtgen.o
#        D:\Traveo\T2G_Sample_Driver_Library_8.3.0\tviibe1m\tools\iar\sram\cm4_mc\rev_b\Obj\src\drivers\flash\cy_flash.o
#        D:\Traveo\T2G_Sample_Driver_Library_8.3.0\tviibe1m\tools\iar\sram\cm4_mc\rev_b\Obj\src\drivers\gpio\cy_gpio.o
#        D:\Traveo\T2G_Sample_Driver_Library_8.3.0\tviibe1m\tools\iar\sram\cm4_mc\rev_b\Obj\src\interrupts\rev_b\cy_interrupt_map.o
#        D:\Traveo\T2G_Sample_Driver_Library_8.3.0\tviibe1m\tools\iar\sram\cm4_mc\rev_b\Obj\src\drivers\ipc\cy_ipc_drv.o
#        D:\Traveo\T2G_Sample_Driver_Library_8.3.0\tviibe1m\tools\iar\sram\cm4_mc\rev_b\Obj\src\drivers\ipc\cy_ipc_pipe.o
#        D:\Traveo\T2G_Sample_Driver_Library_8.3.0\tviibe1m\tools\iar\sram\cm4_mc\rev_b\Obj\src\drivers\ipc\cy_ipc_sema.o
#        D:\Traveo\T2G_Sample_Driver_Library_8.3.0\tviibe1m\tools\iar\sram\cm4_mc\rev_b\Obj\src\drivers\lin\cy_lin.o
#        D:\Traveo\T2G_Sample_Driver_Library_8.3.0\tviibe1m\tools\iar\sram\cm4_mc\rev_b\Obj\src\drivers\lvd\cy_lvd.o
#        D:\Traveo\T2G_Sample_Driver_Library_8.3.0\tviibe1m\tools\iar\sram\cm4_mc\rev_b\Obj\src\drivers\mcwdt\cy_mcwdt.o
#        D:\Traveo\T2G_Sample_Driver_Library_8.3.0\tviibe1m\tools\iar\sram\cm4_mc\rev_b\Obj\src\drivers\dma\cy_mdma.o
#        D:\Traveo\T2G_Sample_Driver_Library_8.3.0\tviibe1m\tools\iar\sram\cm4_mc\rev_b\Obj\src\drivers\mpu\cy_mpu.o
#        D:\Traveo\T2G_Sample_Driver_Library_8.3.0\tviibe1m\tools\iar\sram\cm4_mc\rev_b\Obj\src\mw\flash\cy_mw_flash.o
#        D:\Traveo\T2G_Sample_Driver_Library_8.3.0\tviibe1m\tools\iar\sram\cm4_mc\rev_b\Obj\src\drivers\dma\cy_pdma.o
#        D:\Traveo\T2G_Sample_Driver_Library_8.3.0\tviibe1m\tools\iar\sram\cm4_mc\rev_b\Obj\src\drivers\prot\cy_prot.o
#        D:\Traveo\T2G_Sample_Driver_Library_8.3.0\tviibe1m\tools\iar\sram\cm4_mc\rev_b\Obj\src\drivers\scb\cy_scb_common.o
#        D:\Traveo\T2G_Sample_Driver_Library_8.3.0\tviibe1m\tools\iar\sram\cm4_mc\rev_b\Obj\src\drivers\scb\cy_scb_ezi2c.o
#        D:\Traveo\T2G_Sample_Driver_Library_8.3.0\tviibe1m\tools\iar\sram\cm4_mc\rev_b\Obj\src\drivers\scb\cy_scb_i2c.o
#        D:\Traveo\T2G_Sample_Driver_Library_8.3.0\tviibe1m\tools\iar\sram\cm4_mc\rev_b\Obj\src\drivers\scb\cy_scb_spi.o
#        D:\Traveo\T2G_Sample_Driver_Library_8.3.0\tviibe1m\tools\iar\sram\cm4_mc\rev_b\Obj\src\drivers\scb\cy_scb_uart.o
#        D:\Traveo\T2G_Sample_Driver_Library_8.3.0\tviibe1m\tools\iar\sram\cm4_mc\rev_b\Obj\src\mw\semihosting\cy_semihosting.o
#        D:\Traveo\T2G_Sample_Driver_Library_8.3.0\tviibe1m\tools\iar\sram\cm4_mc\rev_b\Obj\src\drivers\smartio\cy_smartio.o
#        D:\Traveo\T2G_Sample_Driver_Library_8.3.0\tviibe1m\tools\iar\sram\cm4_mc\rev_b\Obj\src\drivers\srom\cy_srom.o
#        D:\Traveo\T2G_Sample_Driver_Library_8.3.0\tviibe1m\tools\iar\sram\cm4_mc\rev_b\Obj\src\mw\sw_timer\cy_sw_tmr.o
#        D:\Traveo\T2G_Sample_Driver_Library_8.3.0\tviibe1m\tools\iar\sram\cm4_mc\rev_b\Obj\src\drivers\sysclk\cy_sysclk.o
#        D:\Traveo\T2G_Sample_Driver_Library_8.3.0\tviibe1m\tools\iar\sram\cm4_mc\rev_b\Obj\src\drivers\sysflt\cy_sysflt.o
#        D:\Traveo\T2G_Sample_Driver_Library_8.3.0\tviibe1m\tools\iar\sram\cm4_mc\rev_b\Obj\src\drivers\sysint\cy_sysint.o
#        D:\Traveo\T2G_Sample_Driver_Library_8.3.0\tviibe1m\tools\iar\sram\cm4_mc\rev_b\Obj\src\drivers\syslib\cy_syslib.o
#        D:\Traveo\T2G_Sample_Driver_Library_8.3.0\tviibe1m\tools\iar\sram\cm4_mc\rev_b\Obj\src\drivers\syslib\cy_syslib_iar.o
#        D:\Traveo\T2G_Sample_Driver_Library_8.3.0\tviibe1m\tools\iar\sram\cm4_mc\rev_b\Obj\src\drivers\syspm\cy_syspm.o
#        D:\Traveo\T2G_Sample_Driver_Library_8.3.0\tviibe1m\tools\iar\sram\cm4_mc\rev_b\Obj\src\drivers\sysreset\cy_sysreset.o
#        D:\Traveo\T2G_Sample_Driver_Library_8.3.0\tviibe1m\tools\iar\sram\cm4_mc\rev_b\Obj\src\drivers\sysrtc\cy_sysrtc.o
#        D:\Traveo\T2G_Sample_Driver_Library_8.3.0\tviibe1m\tools\iar\sram\cm4_mc\rev_b\Obj\src\drivers\systick\cy_systick.o
#        D:\Traveo\T2G_Sample_Driver_Library_8.3.0\tviibe1m\tools\iar\sram\cm4_mc\rev_b\Obj\src\drivers\syswdt\cy_syswdt.o
#        D:\Traveo\T2G_Sample_Driver_Library_8.3.0\tviibe1m\tools\iar\sram\cm4_mc\rev_b\Obj\src\drivers\tcpwm\cy_tcpwm.o
#        D:\Traveo\T2G_Sample_Driver_Library_8.3.0\tviibe1m\tools\iar\sram\cm4_mc\rev_b\Obj\src\drivers\tcpwm\cy_tcpwm_counter.o
#        D:\Traveo\T2G_Sample_Driver_Library_8.3.0\tviibe1m\tools\iar\sram\cm4_mc\rev_b\Obj\src\drivers\tcpwm\cy_tcpwm_pwm.o
#        D:\Traveo\T2G_Sample_Driver_Library_8.3.0\tviibe1m\tools\iar\sram\cm4_mc\rev_b\Obj\src\drivers\tcpwm\cy_tcpwm_quaddec.o
#        D:\Traveo\T2G_Sample_Driver_Library_8.3.0\tviibe1m\tools\iar\sram\cm4_mc\rev_b\Obj\src\drivers\tcpwm\cy_tcpwm_sr.o
#        D:\Traveo\T2G_Sample_Driver_Library_8.3.0\tviibe1m\tools\iar\sram\cm4_mc\rev_b\Obj\src\drivers\trigmux\cy_trigmux.o
#        D:\Traveo\T2G_Sample_Driver_Library_8.3.0\tviibe1m\tools\iar\sram\cm4_mc\rev_b\Obj\src\main_cm4.o
#        D:\Traveo\T2G_Sample_Driver_Library_8.3.0\tviibe1m\tools\iar\sram\cm4_mc\rev_b\Obj\src\startup\startup.o
#        D:\Traveo\T2G_Sample_Driver_Library_8.3.0\tviibe1m\tools\iar\sram\cm4_mc\rev_b\Obj\src\startup\startup_cm4.o
#        D:\Traveo\T2G_Sample_Driver_Library_8.3.0\tviibe1m\tools\iar\sram\cm4_mc\rev_b\Obj\src\system\rev_b\system_tviibe1m_cm4.o
#        --no_out_extension -o
#        D:\Traveo\T2G_Sample_Driver_Library_8.3.0\tviibe1m\tools\iar\sram\cm4_mc\rev_b\Exe\cm4.out
#        --config_def _CORE_cm4_=0 --config_def _LINK_sram_=0 --map
#        D:\Traveo\T2G_Sample_Driver_Library_8.3.0\tviibe1m\tools\iar\sram\cm4_mc\rev_b\List\cm4.map
#        --config
#        D:\Traveo\T2G_Sample_Driver_Library_8.3.0\tviibe1m\tools\iar\sram\cm4_mc\..\..\linker_directives_tviibe.icf
#        --semihosting
#        D:\Traveo\T2G_Sample_Driver_Library_8.3.0\tviibe1m\tools\iar\sram\cm4_mc\..\..\..\..\src\drivers\crypto\libs\libcrypto_client_cm4_iar.a
#        --entry __iar_program_start --vfe --text_out locale --cpu=Cortex-M4
#        --fpu=VFPv4_sp)
#
###############################################################################

*******************************************************************************
*** RUNTIME MODEL ATTRIBUTES
***

CppFlavor       = *
__CPP_Runtime   = 1
__SystemLibrary = DLib
__dlib_version  = 6


*******************************************************************************
*** HEAP SELECTION
***

The basic heap was selected because --advanced_heap
was not specified and the application did not appear to
be primarily optimized for speed.


*******************************************************************************
*** PLACEMENT SUMMARY
***

"A0":  place at start of [from 0x801'0000 to 0x801'e5ff] { section .intvec };
"P1":  place in [from 0x801'0000 to 0x801'e5ff] { ro };
"P2":  place in [from 0x801'0000 to 0x801'e5ff] { rw };
define block HEAP with size = 512, alignment = 8 { };
define block CSTACK with size = 1K, alignment = 8 { };
define block HEAP_STACK { block HEAP, last block CSTACK };
"A1":  place at end of [from 0x801'0000 to 0x801'e5ff] { block HEAP_STACK };
do not initialize { section .intvec_ram };
initialize by copy { rw };

  Section            Kind        Address    Size  Object
  -------            ----        -------    ----  ------
"A0":                                       0x80
  .intvec            ro code  0x801'0000    0x80  startup_cm4.o [35]
                            - 0x801'0080    0x80

"P1-P2", part 1 of 4:                     0x18a0
  .text              ro code  0x801'0080   0x614  cy_sysclk.o [19]
  .text              ro code  0x801'0694    0x70  strncpy.o [39]
  .text              ro code  0x801'0704    0xa8  cy_syslib.o [22]
  .text              ro code  0x801'07ac    0x86  ABImemcpy.o [39]
  .text              ro code  0x801'0832    0x7e  lz77_init_single.o [39]
  .text              ro code  0x801'08b0    0x5e  ABImemset.o [39]
  .text              ro code  0x801'090e     0x2  cy_syslib.o [22]
  .text              ro code  0x801'0910   0x1a8  cy_gpio.o [9]
  .text              ro code  0x801'0ab8   0x198  cy_interrupt_map.o [30]
  .text              ro code  0x801'0c50   0x170  startup.o [35]
  .text              ro code  0x801'0dc0    0xec  system_tviibe1m_cm4.o [36]
  .text              ro code  0x801'0eac     0x8  startup_cm4.o [35]
  .text              ro code  0x801'0eb4     0x6  startup_cm4.o [35]
  .text              ro code  0x801'0ebc    0xec  cy_systick.o [26]
  .rodata            const    0x801'0fa8    0x5c  system_tviibe1m_cm4.o [36]
  .rodata            const    0x801'1004    0x54  cy_sysclk.o [19]
  .rodata            const    0x801'1058    0x54  cy_sysclk.o [19]
  .rodata            const    0x801'10ac    0x54  cy_systick.o [26]
  .text              ro code  0x801'1100    0x44  startup_cm4.o [35]
  .text              ro code  0x801'1144    0x38  main_cm4.o [1]
  .text              ro code  0x801'117c    0x38  zero_init3.o [39]
  .text              ro code  0x801'11b4    0x28  data_init.o [39]
  .text              ro code  0x801'11dc    0x22  fpinit_M.o [38]
  .iar.init_table    const    0x801'1200    0x20  - Linker created -
  .text              ro code  0x801'1220    0x20  startup_cm4.o [35]
  .text              ro code  0x801'1240    0x1e  cy_syslib_iar.o [22]
  .text              ro code  0x801'1260    0x1e  cmain.o [39]
  .text              ro code  0x801'1280     0x4  startup_cm4.o [35]
  .text              ro code  0x801'1284     0x4  exit.o [37]
  .text              ro code  0x801'1288     0xa  cexit.o [39]
  .text              ro code  0x801'1294    0x14  exit.o [40]
  .text              ro code  0x801'12a8    0x1c  startup_cm4.o [35]
  .text              ro code  0x801'12c4    0x1c  cstartup_M.o [39]
  .rodata            const    0x801'12e0    0x18  system_tviibe1m_cm4.o [36]
  .text              ro code  0x801'12f8     0xc  cy_syslib.o [22]
  .rodata            const    0x801'1304     0x8  startup.o [35]
  .rodata            const    0x801'130c     0x4  cy_interrupt_map.o [30]
  .rodata            const    0x801'1310     0x4  cy_interrupt_map.o [30]
  .rodata            const    0x801'1314     0x4  cy_interrupt_map.o [30]
  .rodata            const    0x801'1318     0x4  cy_interrupt_map.o [30]
  .rodata            const    0x801'131c     0x4  cy_interrupt_map.o [30]
  .rodata            const    0x801'1320     0x4  cy_interrupt_map.o [30]
  .rodata            const    0x801'1324     0x4  cy_interrupt_map.o [30]
  .rodata            const    0x801'1328     0x4  cy_interrupt_map.o [30]
  .text              ro code  0x801'132c     0x4  startup_cm4.o [35]
  .text              ro code  0x801'1330     0x4  startup_cm4.o [35]
  .text              ro code  0x801'1334     0x4  startup_cm4.o [35]
  .text              ro code  0x801'1338     0x4  startup_cm4.o [35]
  .text              ro code  0x801'133c     0x4  startup_cm4.o [35]
  .text              ro code  0x801'1340     0x4  startup_cm4.o [35]
  .text              ro code  0x801'1344     0x4  startup_cm4.o [35]
  .text              ro code  0x801'1348     0x4  startup_cm4.o [35]
  .text              ro code  0x801'134c     0x4  startup_cm4.o [35]
  .text              ro code  0x801'1350     0x4  startup_cm4.o [35]
  .text              ro code  0x801'1354     0x4  startup_cm4.o [35]
  .text              ro code  0x801'1358     0x4  startup_cm4.o [35]
  .text              ro code  0x801'135c     0x4  startup_cm4.o [35]
  .text              ro code  0x801'1360     0x4  startup_cm4.o [35]
  .text              ro code  0x801'1364     0x4  startup_cm4.o [35]
  .rodata            const    0x801'1368     0x0  zero_init3.o [39]
  .rodata            const    0x801'1368     0x0  lz77_init_single.o [39]
  P1-P2-1                     0x801'1368   0x5b8  <Init block>
    .data            inited   0x801'1368   0x584  cy_interrupt_map.o [30]
    .data            inited   0x801'18ec    0x34  main_cm4.o [1]
                            - 0x801'1920  0x18a0

"P1-P2", part 2 of 4:                       0xbc
  .bss               zero     0x801'1920    0x70  cy_syslib.o [22]
  .bss               zero     0x801'1990    0x18  cy_sysclk.o [19]
  .bss               zero     0x801'19a8    0x18  cy_syslib.o [22]
  .bss               zero     0x801'19c0     0x4  cy_syslib.o [22]
  .bss               zero     0x801'19c4     0x4  system_tviibe1m_cm4.o [36]
  .bss               zero     0x801'19c8     0x4  system_tviibe1m_cm4.o [36]
  .bss               zero     0x801'19cc     0x4  system_tviibe1m_cm4.o [36]
  .bss               zero     0x801'19d0     0x4  system_tviibe1m_cm4.o [36]
  .bss               zero     0x801'19d4     0x4  system_tviibe1m_cm4.o [36]
  .bss               zero     0x801'19d8     0x1  cy_sysclk.o [19]
  .bss               zero     0x801'19d9     0x1  cy_systick.o [26]
                            - 0x801'19da    0xba

"P1-P2", part 3 of 4:                       0x80
  .intvec_ram        uninit   0x801'1c00    0x80  startup_cm4.o [35]
                            - 0x801'1c80    0x80

"P1-P2", part 4 of 4:                       0xf5
  Initializer bytes  const    0x801'1c80    0x1f  <for P1-P2-1>
                            - 0x801'1c9f    0x1f

"A1":                                      0x400
  HEAP_STACK                  0x801'e200   0x400  <Block>
    CSTACK                    0x801'e200   0x400  <Block>
      CSTACK         uninit   0x801'e200   0x400  <Block tail>
                            - 0x801'e600   0x400

Unused ranges:

        From          To    Size
        ----          --    ----
  0x801'19dc  0x801'1bff   0x224
  0x801'1d75  0x801'e1ff  0xc48b


*******************************************************************************
*** INIT TABLE
***

          Address     Size
          -------     ----
Zero (__iar_zero_init3)
    1 destination range, total size 0xba:
          0x801'1920   0xba

Copy/lz77 (__iar_lz77_init_single3)
    1 source range, total size 0x1f (2% of destination):
          0x801'1c80   0x1f
    1 destination range, total size 0x5b8:
          0x801'1368  0x5b8



*******************************************************************************
*** MODULE SUMMARY
***

    Module                 ro code  ro data  rw data
    ------                 -------  -------  -------
command line/config:
    ------------------------------------------------
    Total:

D:\Traveo\T2G_Sample_Driver_Library_8.3.0\tviibe1m\tools\iar\sram\cm4_mc\rev_b\Obj\src: [1]
    main_cm4.o                  56        2       52
    ------------------------------------------------
    Total:                      56        2       52

D:\Traveo\T2G_Sample_Driver_Library_8.3.0\tviibe1m\tools\iar\sram\cm4_mc\rev_b\Obj\src\drivers\adc: [2]
    ------------------------------------------------
    Total:

D:\Traveo\T2G_Sample_Driver_Library_8.3.0\tviibe1m\tools\iar\sram\cm4_mc\rev_b\Obj\src\drivers\canfd: [3]
    ------------------------------------------------
    Total:

D:\Traveo\T2G_Sample_Driver_Library_8.3.0\tviibe1m\tools\iar\sram\cm4_mc\rev_b\Obj\src\drivers\cpu: [4]
    ------------------------------------------------
    Total:

D:\Traveo\T2G_Sample_Driver_Library_8.3.0\tviibe1m\tools\iar\sram\cm4_mc\rev_b\Obj\src\drivers\crypto: [5]
    ------------------------------------------------
    Total:

D:\Traveo\T2G_Sample_Driver_Library_8.3.0\tviibe1m\tools\iar\sram\cm4_mc\rev_b\Obj\src\drivers\dma: [6]
    ------------------------------------------------
    Total:

D:\Traveo\T2G_Sample_Driver_Library_8.3.0\tviibe1m\tools\iar\sram\cm4_mc\rev_b\Obj\src\drivers\evtgen: [7]
    ------------------------------------------------
    Total:

D:\Traveo\T2G_Sample_Driver_Library_8.3.0\tviibe1m\tools\iar\sram\cm4_mc\rev_b\Obj\src\drivers\flash: [8]
    ------------------------------------------------
    Total:

D:\Traveo\T2G_Sample_Driver_Library_8.3.0\tviibe1m\tools\iar\sram\cm4_mc\rev_b\Obj\src\drivers\gpio: [9]
    cy_gpio.o                  424
    ------------------------------------------------
    Total:                     424

D:\Traveo\T2G_Sample_Driver_Library_8.3.0\tviibe1m\tools\iar\sram\cm4_mc\rev_b\Obj\src\drivers\ipc: [10]
    ------------------------------------------------
    Total:

D:\Traveo\T2G_Sample_Driver_Library_8.3.0\tviibe1m\tools\iar\sram\cm4_mc\rev_b\Obj\src\drivers\lin: [11]
    ------------------------------------------------
    Total:

D:\Traveo\T2G_Sample_Driver_Library_8.3.0\tviibe1m\tools\iar\sram\cm4_mc\rev_b\Obj\src\drivers\lvd: [12]
    ------------------------------------------------
    Total:

D:\Traveo\T2G_Sample_Driver_Library_8.3.0\tviibe1m\tools\iar\sram\cm4_mc\rev_b\Obj\src\drivers\mcwdt: [13]
    ------------------------------------------------
    Total:

D:\Traveo\T2G_Sample_Driver_Library_8.3.0\tviibe1m\tools\iar\sram\cm4_mc\rev_b\Obj\src\drivers\mpu: [14]
    ------------------------------------------------
    Total:

D:\Traveo\T2G_Sample_Driver_Library_8.3.0\tviibe1m\tools\iar\sram\cm4_mc\rev_b\Obj\src\drivers\prot: [15]
    ------------------------------------------------
    Total:

D:\Traveo\T2G_Sample_Driver_Library_8.3.0\tviibe1m\tools\iar\sram\cm4_mc\rev_b\Obj\src\drivers\scb: [16]
    ------------------------------------------------
    Total:

D:\Traveo\T2G_Sample_Driver_Library_8.3.0\tviibe1m\tools\iar\sram\cm4_mc\rev_b\Obj\src\drivers\smartio: [17]
    ------------------------------------------------
    Total:

D:\Traveo\T2G_Sample_Driver_Library_8.3.0\tviibe1m\tools\iar\sram\cm4_mc\rev_b\Obj\src\drivers\srom: [18]
    ------------------------------------------------
    Total:

D:\Traveo\T2G_Sample_Driver_Library_8.3.0\tviibe1m\tools\iar\sram\cm4_mc\rev_b\Obj\src\drivers\sysclk: [19]
    cy_sysclk.o              1'556      168       25
    ------------------------------------------------
    Total:                   1'556      168       25

D:\Traveo\T2G_Sample_Driver_Library_8.3.0\tviibe1m\tools\iar\sram\cm4_mc\rev_b\Obj\src\drivers\sysflt: [20]
    ------------------------------------------------
    Total:

D:\Traveo\T2G_Sample_Driver_Library_8.3.0\tviibe1m\tools\iar\sram\cm4_mc\rev_b\Obj\src\drivers\sysint: [21]
    ------------------------------------------------
    Total:

D:\Traveo\T2G_Sample_Driver_Library_8.3.0\tviibe1m\tools\iar\sram\cm4_mc\rev_b\Obj\src\drivers\syslib: [22]
    cy_syslib.o                182               140
    cy_syslib_iar.o             30
    ------------------------------------------------
    Total:                     212               140

D:\Traveo\T2G_Sample_Driver_Library_8.3.0\tviibe1m\tools\iar\sram\cm4_mc\rev_b\Obj\src\drivers\syspm: [23]
    ------------------------------------------------
    Total:

D:\Traveo\T2G_Sample_Driver_Library_8.3.0\tviibe1m\tools\iar\sram\cm4_mc\rev_b\Obj\src\drivers\sysreset: [24]
    ------------------------------------------------
    Total:

D:\Traveo\T2G_Sample_Driver_Library_8.3.0\tviibe1m\tools\iar\sram\cm4_mc\rev_b\Obj\src\drivers\sysrtc: [25]
    ------------------------------------------------
    Total:

D:\Traveo\T2G_Sample_Driver_Library_8.3.0\tviibe1m\tools\iar\sram\cm4_mc\rev_b\Obj\src\drivers\systick: [26]
    cy_systick.o               236       84        1
    ------------------------------------------------
    Total:                     236       84        1

D:\Traveo\T2G_Sample_Driver_Library_8.3.0\tviibe1m\tools\iar\sram\cm4_mc\rev_b\Obj\src\drivers\syswdt: [27]
    ------------------------------------------------
    Total:

D:\Traveo\T2G_Sample_Driver_Library_8.3.0\tviibe1m\tools\iar\sram\cm4_mc\rev_b\Obj\src\drivers\tcpwm: [28]
    ------------------------------------------------
    Total:

D:\Traveo\T2G_Sample_Driver_Library_8.3.0\tviibe1m\tools\iar\sram\cm4_mc\rev_b\Obj\src\drivers\trigmux: [29]
    ------------------------------------------------
    Total:

D:\Traveo\T2G_Sample_Driver_Library_8.3.0\tviibe1m\tools\iar\sram\cm4_mc\rev_b\Obj\src\interrupts\rev_b: [30]
    cy_interrupt_map.o         408       61    1'412
    ------------------------------------------------
    Total:                     408       61    1'412

D:\Traveo\T2G_Sample_Driver_Library_8.3.0\tviibe1m\tools\iar\sram\cm4_mc\rev_b\Obj\src\mw\button: [31]
    ------------------------------------------------
    Total:

D:\Traveo\T2G_Sample_Driver_Library_8.3.0\tviibe1m\tools\iar\sram\cm4_mc\rev_b\Obj\src\mw\flash: [32]
    ------------------------------------------------
    Total:

D:\Traveo\T2G_Sample_Driver_Library_8.3.0\tviibe1m\tools\iar\sram\cm4_mc\rev_b\Obj\src\mw\semihosting: [33]
    ------------------------------------------------
    Total:

D:\Traveo\T2G_Sample_Driver_Library_8.3.0\tviibe1m\tools\iar\sram\cm4_mc\rev_b\Obj\src\mw\sw_timer: [34]
    ------------------------------------------------
    Total:

D:\Traveo\T2G_Sample_Driver_Library_8.3.0\tviibe1m\tools\iar\sram\cm4_mc\rev_b\Obj\src\startup: [35]
    startup.o                  368        8
    startup_cm4.o              334               128
    ------------------------------------------------
    Total:                     702        8      128

D:\Traveo\T2G_Sample_Driver_Library_8.3.0\tviibe1m\tools\iar\sram\cm4_mc\rev_b\Obj\src\system\rev_b: [36]
    system_tviibe1m_cm4.o      236      116       20
    ------------------------------------------------
    Total:                     236      116       20

dl7M_tln.a: [37]
    exit.o                       4
    ------------------------------------------------
    Total:                       4

m7M_tls.a: [38]
    fpinit_M.o                  34
    ------------------------------------------------
    Total:                      34

rt7M_tl.a: [39]
    ABImemcpy.o                134
    ABImemset.o                 94
    cexit.o                     10
    cmain.o                     30
    cstartup_M.o                28
    data_init.o                 40
    lz77_init_single.o         126
    strncpy.o                  112
    zero_init3.o                56
    ------------------------------------------------
    Total:                     630

shb_l.a: [40]
    exit.o                      20
    ------------------------------------------------
    Total:                      20

    Gaps                         8        2
    Linker created                       32    1'024
----------------------------------------------------
    Grand Total:             4'526      473    2'802


*******************************************************************************
*** ENTRY LIST
***

Entry                      Address   Size  Type      Object
-----                      -------   ----  ----      ------
.iar.init_table$$Base   0x801'1200          --   Gb  - Linker created -
.iar.init_table$$Limit  0x801'1220          --   Gb  - Linker created -
?main                   0x801'1261         Code  Gb  cmain.o [39]
BusFault_Handler        0x801'1335         Code  Wk  startup_cm4.o [35]
CSTACK$$Base            0x801'e200          --   Gb  - Linker created -
CSTACK$$Limit           0x801'e600          --   Gb  - Linker created -
CopyVectorTable         0x801'0d71   0x34  Code  Lc  startup.o [35]
CpuUserInt0_Handler     0x801'0ad7   0x26  Code  Gb  cy_interrupt_map.o [30]
CpuUserInt10_Handler    0x801'1351         Code  Wk  startup_cm4.o [35]
CpuUserInt11_Handler    0x801'1355         Code  Wk  startup_cm4.o [35]
CpuUserInt12_Handler    0x801'1359         Code  Wk  startup_cm4.o [35]
CpuUserInt13_Handler    0x801'135d         Code  Wk  startup_cm4.o [35]
CpuUserInt14_Handler    0x801'1361         Code  Wk  startup_cm4.o [35]
CpuUserInt15_Handler    0x801'1365         Code  Wk  startup_cm4.o [35]
CpuUserInt1_Handler     0x801'0afd   0x26  Code  Gb  cy_interrupt_map.o [30]
CpuUserInt2_Handler     0x801'0b23   0x26  Code  Gb  cy_interrupt_map.o [30]
CpuUserInt3_Handler     0x801'0b49   0x26  Code  Gb  cy_interrupt_map.o [30]
CpuUserInt4_Handler     0x801'0b6f   0x26  Code  Gb  cy_interrupt_map.o [30]
CpuUserInt5_Handler     0x801'0b95   0x26  Code  Gb  cy_interrupt_map.o [30]
CpuUserInt6_Handler     0x801'0bbb   0x26  Code  Gb  cy_interrupt_map.o [30]
CpuUserInt7_Handler     0x801'0be1   0x26  Code  Gb  cy_interrupt_map.o [30]
CpuUserInt8_Handler     0x801'1349         Code  Wk  startup_cm4.o [35]
CpuUserInt9_Handler     0x801'134d         Code  Wk  startup_cm4.o [35]
Cy_DefaultUserHandler   0x801'0ad5    0x2  Code  Gb  cy_interrupt_map.o [30]
Cy_GPIO_ClearInterrupt  0x801'09f3    0xe  Code  Lc  cy_gpio.o [9]
Cy_GPIO_Inv             0x801'1145    0xa  Code  Lc  main_cm4.o [1]
Cy_GPIO_Pin_Init        0x801'0a3b   0x72  Code  Gb  cy_gpio.o [9]
Cy_GPIO_SetDriveSel     0x801'09d3   0x20  Code  Lc  cy_gpio.o [9]
Cy_GPIO_SetDrivemode    0x801'097d   0x1e  Code  Lc  cy_gpio.o [9]
Cy_GPIO_SetHSIOM        0x801'0911   0x54  Code  Lc  cy_gpio.o [9]
Cy_GPIO_SetInterruptEdge
                        0x801'0a1d   0x1e  Code  Lc  cy_gpio.o [9]
Cy_GPIO_SetInterruptMask
                        0x801'0a01   0x1c  Code  Lc  cy_gpio.o [9]
Cy_GPIO_SetSlewRate     0x801'09b7   0x1c  Code  Lc  cy_gpio.o [9]
Cy_GPIO_SetVtrip        0x801'099b   0x1c  Code  Lc  cy_gpio.o [9]
Cy_GPIO_Write           0x801'0965   0x18  Code  Lc  cy_gpio.o [9]
Cy_RestoreIRQ           0x801'0eb5         Code  Gb  startup_cm4.o [35]
Cy_SaveIRQ              0x801'0ead         Code  Gb  startup_cm4.o [35]
Cy_SysClk_ClkPathGetSource
                        0x801'0167   0x54  Code  Gb  cy_sysclk.o [19]
Cy_SysClk_EcoGetStatus  0x801'0081   0x1a  Code  Lc  cy_sysclk.o [19]
Cy_SysClk_FastClkGetDivider
                        0x801'015b    0xc  Code  Lc  cy_sysclk.o [19]
Cy_SysClk_FllGetConfiguration
                        0x801'01bb   0x7c  Code  Gb  cy_sysclk.o [19]
Cy_SysClk_FllGetLockStatus
                        0x801'009b    0xc  Code  Lc  cy_sysclk.o [19]
Cy_SysClk_GetCoreFrequency
                        0x801'0671    0x8  Code  Gb  cy_sysclk.o [19]
Cy_SysClk_GetEcoFrequency
                        0x801'0301   0x32  Code  Gb  cy_sysclk.o [19]
Cy_SysClk_GetExtFrequency
                        0x801'0335   0x1e  Code  Gb  cy_sysclk.o [19]
Cy_SysClk_GetFastFrequency
                        0x801'0643   0x2e  Code  Gb  cy_sysclk.o [19]
Cy_SysClk_GetFllInputFrequency
                        0x801'045d    0xc  Code  Gb  cy_sysclk.o [19]
Cy_SysClk_GetFllOutputFrequency
                        0x801'0485   0x78  Code  Gb  cy_sysclk.o [19]
Cy_SysClk_GetHfClkFrequency
                        0x801'05db   0x68  Code  Gb  cy_sysclk.o [19]
Cy_SysClk_GetIlo0Frequency
                        0x801'0359   0x32  Code  Gb  cy_sysclk.o [19]
Cy_SysClk_GetIlo1Frequency
                        0x801'038d   0x32  Code  Gb  cy_sysclk.o [19]
Cy_SysClk_GetImoFrequency
                        0x801'02cd   0x32  Code  Gb  cy_sysclk.o [19]
Cy_SysClk_GetPathFrequency
                        0x801'05a9   0x32  Code  Gb  cy_sysclk.o [19]
Cy_SysClk_GetPathSourceFrequency
                        0x801'03f9   0x64  Code  Gb  cy_sysclk.o [19]
Cy_SysClk_GetPllInputFrequency
                        0x801'0469   0x1c  Code  Gb  cy_sysclk.o [19]
Cy_SysClk_GetPllOutputFrequency
                        0x801'04fd   0xa6  Code  Gb  cy_sysclk.o [19]
Cy_SysClk_GetWcoFrequency
                        0x801'03c1   0x32  Code  Gb  cy_sysclk.o [19]
Cy_SysClk_HfClockGetDivider
                        0x801'0119   0x42  Code  Lc  cy_sysclk.o [19]
Cy_SysClk_HfClockGetSource
                        0x801'00d9   0x40  Code  Lc  cy_sysclk.o [19]
Cy_SysClk_InitGetFreqParams
                        0x801'02a9   0x1a  Code  Gb  cy_sysclk.o [19]
Cy_SysClk_PllGetConfiguration
                        0x801'0259   0x42  Code  Gb  cy_sysclk.o [19]
Cy_SysClk_PllGetLockStatus
                        0x801'00a9   0x20  Code  Lc  cy_sysclk.o [19]
Cy_SysClk_WcoOkay       0x801'00c9    0xe  Code  Lc  cy_sysclk.o [19]
Cy_SysLib_DelayCycles   0x801'1241         Code  Gb  cy_syslib_iar.o [22]
Cy_SysLib_EnterCriticalSection
                        0x801'1251         Code  Gb  cy_syslib_iar.o [22]
Cy_SysLib_ExitCriticalSection
                        0x801'1259         Code  Gb  cy_syslib_iar.o [22]
Cy_SysLib_FaultHandler  0x801'0709   0x90  Code  Gb  cy_syslib.o [22]
Cy_SysLib_Halt          0x801'0705    0x4  Code  Gb  cy_syslib.o [22]
Cy_SysLib_ProcessingFault
                        0x801'090f    0x2  Code  Wk  cy_syslib.o [22]
Cy_SysLib_SvcHandler    0x801'12f9    0xc  Code  Wk  cy_syslib.o [22]
Cy_SysTick_DelayCoreCycle
                        0x801'0ebd   0x86  Code  Gb  cy_systick.o [26]
Cy_SysTick_DelayCoreCycle::isThisBeingCalled
                        0x801'19d9    0x1  Data  Lc  cy_systick.o [26]
Cy_SysTick_DelayInUs    0x801'0f43   0x3c  Code  Gb  cy_systick.o [26]
Cy_SystemInitFpuEnable  0x801'0e5d   0x1e  Code  Gb  system_tviibe1m_cm4.o [36]
Cy_SystemIrqUserTable   0x801'1368  0x584  Data  Gb  cy_interrupt_map.o [30]
Cy_u32StartupStackEndAddress
                        0x801'1140         Data  Gb  startup_cm4.o [35]
Cy_u32StartupStackStartAddress
                        0x801'113c         Data  Gb  startup_cm4.o [35]
DebugMon_Handler        0x801'133d         Code  Wk  startup_cm4.o [35]
HEAP_STACK$$Base        0x801'e200          --   Gb  - Linker created -
HEAP_STACK$$Limit       0x801'e600          --   Gb  - Linker created -
HardFault_Handler       0x801'1221         Code  Wk  startup_cm4.o [35]
InitRamEcc              0x801'0c61   0xfe  Code  Lc  startup.o [35]
InitRamEccClearArea     0x801'0d5f   0x12  Code  Lc  startup.o [35]
MemManage_Handler       0x801'1331         Code  Wk  startup_cm4.o [35]
NMI_Handler             0x801'132d         Code  Wk  startup_cm4.o [35]
PendSV_Handler          0x801'1341         Code  Wk  startup_cm4.o [35]
Region$$Table$$Base     0x801'1200          --   Gb  - Linker created -
Region$$Table$$Limit    0x801'1220          --   Gb  - Linker created -
Reset_Handler           0x801'1101         Code  Wk  startup_cm4.o [35]
SVC_Handler             0x801'12a9         Code  Wk  startup_cm4.o [35]
Startup_Init            0x801'0c51   0x10  Code  Gb  startup.o [35]
SysTick_Handler         0x801'1345         Code  Wk  startup_cm4.o [35]
SystemCoreClock         0x801'19c4    0x4  Data  Gb  system_tviibe1m_cm4.o [36]
SystemCoreClockUpdate   0x801'0dc9   0x94  Code  Gb  system_tviibe1m_cm4.o [36]
SystemInit              0x801'0dc1    0x8  Code  Gb  system_tviibe1m_cm4.o [36]
UsageFault_Handler      0x801'1339         Code  Wk  startup_cm4.o [35]
__NVIC_ClearPendingIRQ  0x801'0ab9   0x1c  Code  Lc  cy_interrupt_map.o [30]
__Vectors               0x801'0000          --   Gb  startup_cm4.o [35]
__Vectors_End           0x801'0080         Data  Gb  startup_cm4.o [35]
__Vectors_Size {Abs}          0x80          --   Gb  startup_cm4.o [35]
__aeabi_memcpy4         0x801'07ad         Code  Gb  ABImemcpy.o [39]
__aeabi_memcpy8         0x801'07ad         Code  Gb  ABImemcpy.o [39]
__cmain                 0x801'1261         Code  Gb  cmain.o [39]
__ecc_init_sram_end_address {Abs}
                        0x800'ffff         Data  Gb  <internal module>
__ecc_init_sram_start_address {Abs}
                        0x801'0000         Data  Gb  <internal module>
__exit                  0x801'1295   0x14  Code  Gb  exit.o [40]
__iar_Memset_word       0x801'08b1         Code  Gb  ABImemset.o [39]
__iar_data_init3        0x801'11b5   0x28  Code  Gb  data_init.o [39]
__iar_init_vfp          0x801'11dd         Code  Gb  fpinit_M.o [38]
__iar_lz77_init_single3
                        0x801'0833   0x7e  Code  Gb  lz77_init_single.o [39]
__iar_program_start     0x801'12c5         Code  Gb  cstartup_M.o [39]
__iar_zero_init3        0x801'117d   0x38  Code  Gb  zero_init3.o [39]
__low_level_init        0x801'1281         Code  Gb  startup_cm4.o [35]
__ramVectors            0x801'1c00         Data  Gb  startup_cm4.o [35]
__vector_table          0x801'0000         Data  Gb  startup_cm4.o [35]
__vector_table_0x1c     0x801'001c         Data  Gb  startup_cm4.o [35]
_call_main              0x801'126d         Code  Gb  cmain.o [39]
_exit                   0x801'1289         Code  Gb  cexit.o [39]
cy_assertFileName       0x801'19a8   0x18  Data  Gb  cy_syslib.o [22]
cy_assertLine           0x801'19c0    0x4  Data  Gb  cy_syslib.o [22]
cy_delay32kMs           0x801'19d4    0x4  Data  Gb  system_tviibe1m_cm4.o [36]
cy_delayFreqHz          0x801'19c8    0x4  Data  Gb  system_tviibe1m_cm4.o [36]
cy_delayFreqKhz         0x801'19cc    0x4  Data  Gb  system_tviibe1m_cm4.o [36]
cy_delayFreqMhz         0x801'19d0    0x4  Data  Gb  system_tviibe1m_cm4.o [36]
cy_faultFrame           0x801'1920   0x70  Data  Gb  cy_syslib.o [22]
exit                    0x801'1285    0x4  Code  Gb  exit.o [37]
intFreqInitialized      0x801'19d8    0x1  Data  Gb  cy_sysclk.o [19]
internalBaseFreqInfo    0x801'1990   0x18  Data  Gb  cy_sysclk.o [19]
main                    0x801'114f   0x26  Code  Gb  main_cm4.o [1]
strncpy                 0x801'0695         Code  Gb  strncpy.o [39]
user_led_port_pin_cfg   0x801'18ec   0x34  Data  Gb  main_cm4.o [1]


[1] = D:\Traveo\T2G_Sample_Driver_Library_8.3.0\tviibe1m\tools\iar\sram\cm4_mc\rev_b\Obj\src
[2] = D:\Traveo\T2G_Sample_Driver_Library_8.3.0\tviibe1m\tools\iar\sram\cm4_mc\rev_b\Obj\src\drivers\adc
[3] = D:\Traveo\T2G_Sample_Driver_Library_8.3.0\tviibe1m\tools\iar\sram\cm4_mc\rev_b\Obj\src\drivers\canfd
[4] = D:\Traveo\T2G_Sample_Driver_Library_8.3.0\tviibe1m\tools\iar\sram\cm4_mc\rev_b\Obj\src\drivers\cpu
[5] = D:\Traveo\T2G_Sample_Driver_Library_8.3.0\tviibe1m\tools\iar\sram\cm4_mc\rev_b\Obj\src\drivers\crypto
[6] = D:\Traveo\T2G_Sample_Driver_Library_8.3.0\tviibe1m\tools\iar\sram\cm4_mc\rev_b\Obj\src\drivers\dma
[7] = D:\Traveo\T2G_Sample_Driver_Library_8.3.0\tviibe1m\tools\iar\sram\cm4_mc\rev_b\Obj\src\drivers\evtgen
[8] = D:\Traveo\T2G_Sample_Driver_Library_8.3.0\tviibe1m\tools\iar\sram\cm4_mc\rev_b\Obj\src\drivers\flash
[9] = D:\Traveo\T2G_Sample_Driver_Library_8.3.0\tviibe1m\tools\iar\sram\cm4_mc\rev_b\Obj\src\drivers\gpio
[10] = D:\Traveo\T2G_Sample_Driver_Library_8.3.0\tviibe1m\tools\iar\sram\cm4_mc\rev_b\Obj\src\drivers\ipc
[11] = D:\Traveo\T2G_Sample_Driver_Library_8.3.0\tviibe1m\tools\iar\sram\cm4_mc\rev_b\Obj\src\drivers\lin
[12] = D:\Traveo\T2G_Sample_Driver_Library_8.3.0\tviibe1m\tools\iar\sram\cm4_mc\rev_b\Obj\src\drivers\lvd
[13] = D:\Traveo\T2G_Sample_Driver_Library_8.3.0\tviibe1m\tools\iar\sram\cm4_mc\rev_b\Obj\src\drivers\mcwdt
[14] = D:\Traveo\T2G_Sample_Driver_Library_8.3.0\tviibe1m\tools\iar\sram\cm4_mc\rev_b\Obj\src\drivers\mpu
[15] = D:\Traveo\T2G_Sample_Driver_Library_8.3.0\tviibe1m\tools\iar\sram\cm4_mc\rev_b\Obj\src\drivers\prot
[16] = D:\Traveo\T2G_Sample_Driver_Library_8.3.0\tviibe1m\tools\iar\sram\cm4_mc\rev_b\Obj\src\drivers\scb
[17] = D:\Traveo\T2G_Sample_Driver_Library_8.3.0\tviibe1m\tools\iar\sram\cm4_mc\rev_b\Obj\src\drivers\smartio
[18] = D:\Traveo\T2G_Sample_Driver_Library_8.3.0\tviibe1m\tools\iar\sram\cm4_mc\rev_b\Obj\src\drivers\srom
[19] = D:\Traveo\T2G_Sample_Driver_Library_8.3.0\tviibe1m\tools\iar\sram\cm4_mc\rev_b\Obj\src\drivers\sysclk
[20] = D:\Traveo\T2G_Sample_Driver_Library_8.3.0\tviibe1m\tools\iar\sram\cm4_mc\rev_b\Obj\src\drivers\sysflt
[21] = D:\Traveo\T2G_Sample_Driver_Library_8.3.0\tviibe1m\tools\iar\sram\cm4_mc\rev_b\Obj\src\drivers\sysint
[22] = D:\Traveo\T2G_Sample_Driver_Library_8.3.0\tviibe1m\tools\iar\sram\cm4_mc\rev_b\Obj\src\drivers\syslib
[23] = D:\Traveo\T2G_Sample_Driver_Library_8.3.0\tviibe1m\tools\iar\sram\cm4_mc\rev_b\Obj\src\drivers\syspm
[24] = D:\Traveo\T2G_Sample_Driver_Library_8.3.0\tviibe1m\tools\iar\sram\cm4_mc\rev_b\Obj\src\drivers\sysreset
[25] = D:\Traveo\T2G_Sample_Driver_Library_8.3.0\tviibe1m\tools\iar\sram\cm4_mc\rev_b\Obj\src\drivers\sysrtc
[26] = D:\Traveo\T2G_Sample_Driver_Library_8.3.0\tviibe1m\tools\iar\sram\cm4_mc\rev_b\Obj\src\drivers\systick
[27] = D:\Traveo\T2G_Sample_Driver_Library_8.3.0\tviibe1m\tools\iar\sram\cm4_mc\rev_b\Obj\src\drivers\syswdt
[28] = D:\Traveo\T2G_Sample_Driver_Library_8.3.0\tviibe1m\tools\iar\sram\cm4_mc\rev_b\Obj\src\drivers\tcpwm
[29] = D:\Traveo\T2G_Sample_Driver_Library_8.3.0\tviibe1m\tools\iar\sram\cm4_mc\rev_b\Obj\src\drivers\trigmux
[30] = D:\Traveo\T2G_Sample_Driver_Library_8.3.0\tviibe1m\tools\iar\sram\cm4_mc\rev_b\Obj\src\interrupts\rev_b
[31] = D:\Traveo\T2G_Sample_Driver_Library_8.3.0\tviibe1m\tools\iar\sram\cm4_mc\rev_b\Obj\src\mw\button
[32] = D:\Traveo\T2G_Sample_Driver_Library_8.3.0\tviibe1m\tools\iar\sram\cm4_mc\rev_b\Obj\src\mw\flash
[33] = D:\Traveo\T2G_Sample_Driver_Library_8.3.0\tviibe1m\tools\iar\sram\cm4_mc\rev_b\Obj\src\mw\semihosting
[34] = D:\Traveo\T2G_Sample_Driver_Library_8.3.0\tviibe1m\tools\iar\sram\cm4_mc\rev_b\Obj\src\mw\sw_timer
[35] = D:\Traveo\T2G_Sample_Driver_Library_8.3.0\tviibe1m\tools\iar\sram\cm4_mc\rev_b\Obj\src\startup
[36] = D:\Traveo\T2G_Sample_Driver_Library_8.3.0\tviibe1m\tools\iar\sram\cm4_mc\rev_b\Obj\src\system\rev_b
[37] = dl7M_tln.a
[38] = m7M_tls.a
[39] = rt7M_tl.a
[40] = shb_l.a

  4'526 bytes of readonly  code memory
    473 bytes of readonly  data memory
  2'802 bytes of readwrite data memory

Errors: none
Warnings: none
