###############################################################################
#
# IAR ELF Linker V9.30.1.335/W64 for ARM                  10/Nov/2024  22:01:04
# Copyright 2007-2022 IAR Systems AB.
#
#    Output file  =
#        D:\Traveo\T2G_Sample_Driver_Library_8.3.0\tviibe1m\tools\iar\flash\cm0plus_cm4\starter_kit\Exe\cm0plus.out
#    Map file     =
#        D:\Traveo\T2G_Sample_Driver_Library_8.3.0\tviibe1m\tools\iar\flash\cm0plus_cm4\starter_kit\List\cm0plus.map
#    Command line =
#        -f
#        D:\Traveo\T2G_Sample_Driver_Library_8.3.0\tviibe1m\tools\iar\flash\cm0plus_cm4\starter_kit\Exe\cm0plus.out.rsp
#        (D:\Traveo\T2G_Sample_Driver_Library_8.3.0\tviibe1m\tools\iar\flash\cm0plus_cm4\starter_kit\Obj\src\drivers\adc\cy_adc.o
#        D:\Traveo\T2G_Sample_Driver_Library_8.3.0\tviibe1m\tools\iar\flash\cm0plus_cm4\starter_kit\Obj\src\mw\button\cy_button.o
#        D:\Traveo\T2G_Sample_Driver_Library_8.3.0\tviibe1m\tools\iar\flash\cm0plus_cm4\starter_kit\Obj\src\drivers\canfd\cy_canfd.o
#        D:\Traveo\T2G_Sample_Driver_Library_8.3.0\tviibe1m\tools\iar\flash\cm0plus_cm4\starter_kit\Obj\src\drivers\cpu\cy_cpu.o
#        D:\Traveo\T2G_Sample_Driver_Library_8.3.0\tviibe1m\tools\iar\flash\cm0plus_cm4\starter_kit\Obj\src\drivers\crypto\cy_crypto_config.o
#        D:\Traveo\T2G_Sample_Driver_Library_8.3.0\tviibe1m\tools\iar\flash\cm0plus_cm4\starter_kit\Obj\src\drivers\evtgen\cy_evtgen.o
#        D:\Traveo\T2G_Sample_Driver_Library_8.3.0\tviibe1m\tools\iar\flash\cm0plus_cm4\starter_kit\Obj\src\drivers\flash\cy_flash.o
#        D:\Traveo\T2G_Sample_Driver_Library_8.3.0\tviibe1m\tools\iar\flash\cm0plus_cm4\starter_kit\Obj\src\drivers\gpio\cy_gpio.o
#        D:\Traveo\T2G_Sample_Driver_Library_8.3.0\tviibe1m\tools\iar\flash\cm0plus_cm4\starter_kit\Obj\src\interrupts\rev_d\cy_interrupt_map.o
#        D:\Traveo\T2G_Sample_Driver_Library_8.3.0\tviibe1m\tools\iar\flash\cm0plus_cm4\starter_kit\Obj\src\drivers\ipc\cy_ipc_drv.o
#        D:\Traveo\T2G_Sample_Driver_Library_8.3.0\tviibe1m\tools\iar\flash\cm0plus_cm4\starter_kit\Obj\src\drivers\ipc\cy_ipc_pipe.o
#        D:\Traveo\T2G_Sample_Driver_Library_8.3.0\tviibe1m\tools\iar\flash\cm0plus_cm4\starter_kit\Obj\src\drivers\ipc\cy_ipc_sema.o
#        D:\Traveo\T2G_Sample_Driver_Library_8.3.0\tviibe1m\tools\iar\flash\cm0plus_cm4\starter_kit\Obj\src\drivers\lin\cy_lin.o
#        D:\Traveo\T2G_Sample_Driver_Library_8.3.0\tviibe1m\tools\iar\flash\cm0plus_cm4\starter_kit\Obj\src\drivers\lvd\cy_lvd.o
#        D:\Traveo\T2G_Sample_Driver_Library_8.3.0\tviibe1m\tools\iar\flash\cm0plus_cm4\starter_kit\Obj\src\drivers\mcwdt\cy_mcwdt.o
#        D:\Traveo\T2G_Sample_Driver_Library_8.3.0\tviibe1m\tools\iar\flash\cm0plus_cm4\starter_kit\Obj\src\drivers\dma\cy_mdma.o
#        D:\Traveo\T2G_Sample_Driver_Library_8.3.0\tviibe1m\tools\iar\flash\cm0plus_cm4\starter_kit\Obj\src\drivers\mpu\cy_mpu.o
#        D:\Traveo\T2G_Sample_Driver_Library_8.3.0\tviibe1m\tools\iar\flash\cm0plus_cm4\starter_kit\Obj\src\mw\flash\cy_mw_flash.o
#        D:\Traveo\T2G_Sample_Driver_Library_8.3.0\tviibe1m\tools\iar\flash\cm0plus_cm4\starter_kit\Obj\src\drivers\dma\cy_pdma.o
#        D:\Traveo\T2G_Sample_Driver_Library_8.3.0\tviibe1m\tools\iar\flash\cm0plus_cm4\starter_kit\Obj\src\drivers\prot\cy_prot.o
#        D:\Traveo\T2G_Sample_Driver_Library_8.3.0\tviibe1m\tools\iar\flash\cm0plus_cm4\starter_kit\Obj\src\drivers\scb\cy_scb_common.o
#        D:\Traveo\T2G_Sample_Driver_Library_8.3.0\tviibe1m\tools\iar\flash\cm0plus_cm4\starter_kit\Obj\src\drivers\scb\cy_scb_ezi2c.o
#        D:\Traveo\T2G_Sample_Driver_Library_8.3.0\tviibe1m\tools\iar\flash\cm0plus_cm4\starter_kit\Obj\src\drivers\scb\cy_scb_i2c.o
#        D:\Traveo\T2G_Sample_Driver_Library_8.3.0\tviibe1m\tools\iar\flash\cm0plus_cm4\starter_kit\Obj\src\drivers\scb\cy_scb_spi.o
#        D:\Traveo\T2G_Sample_Driver_Library_8.3.0\tviibe1m\tools\iar\flash\cm0plus_cm4\starter_kit\Obj\src\drivers\scb\cy_scb_uart.o
#        D:\Traveo\T2G_Sample_Driver_Library_8.3.0\tviibe1m\tools\iar\flash\cm0plus_cm4\starter_kit\Obj\src\mw\semihosting\cy_semihosting.o
#        D:\Traveo\T2G_Sample_Driver_Library_8.3.0\tviibe1m\tools\iar\flash\cm0plus_cm4\starter_kit\Obj\src\drivers\smartio\cy_smartio.o
#        D:\Traveo\T2G_Sample_Driver_Library_8.3.0\tviibe1m\tools\iar\flash\cm0plus_cm4\starter_kit\Obj\src\drivers\srom\cy_srom.o
#        D:\Traveo\T2G_Sample_Driver_Library_8.3.0\tviibe1m\tools\iar\flash\cm0plus_cm4\starter_kit\Obj\src\mw\sw_timer\cy_sw_tmr.o
#        D:\Traveo\T2G_Sample_Driver_Library_8.3.0\tviibe1m\tools\iar\flash\cm0plus_cm4\starter_kit\Obj\src\drivers\sysclk\cy_sysclk.o
#        D:\Traveo\T2G_Sample_Driver_Library_8.3.0\tviibe1m\tools\iar\flash\cm0plus_cm4\starter_kit\Obj\src\drivers\sysflt\cy_sysflt.o
#        D:\Traveo\T2G_Sample_Driver_Library_8.3.0\tviibe1m\tools\iar\flash\cm0plus_cm4\starter_kit\Obj\src\drivers\sysint\cy_sysint.o
#        D:\Traveo\T2G_Sample_Driver_Library_8.3.0\tviibe1m\tools\iar\flash\cm0plus_cm4\starter_kit\Obj\src\drivers\syslib\cy_syslib.o
#        D:\Traveo\T2G_Sample_Driver_Library_8.3.0\tviibe1m\tools\iar\flash\cm0plus_cm4\starter_kit\Obj\src\drivers\syslib\cy_syslib_iar.o
#        D:\Traveo\T2G_Sample_Driver_Library_8.3.0\tviibe1m\tools\iar\flash\cm0plus_cm4\starter_kit\Obj\src\drivers\syspm\cy_syspm.o
#        D:\Traveo\T2G_Sample_Driver_Library_8.3.0\tviibe1m\tools\iar\flash\cm0plus_cm4\starter_kit\Obj\src\drivers\sysreset\cy_sysreset.o
#        D:\Traveo\T2G_Sample_Driver_Library_8.3.0\tviibe1m\tools\iar\flash\cm0plus_cm4\starter_kit\Obj\src\drivers\sysrtc\cy_sysrtc.o
#        D:\Traveo\T2G_Sample_Driver_Library_8.3.0\tviibe1m\tools\iar\flash\cm0plus_cm4\starter_kit\Obj\src\drivers\systick\cy_systick.o
#        D:\Traveo\T2G_Sample_Driver_Library_8.3.0\tviibe1m\tools\iar\flash\cm0plus_cm4\starter_kit\Obj\src\drivers\syswdt\cy_syswdt.o
#        D:\Traveo\T2G_Sample_Driver_Library_8.3.0\tviibe1m\tools\iar\flash\cm0plus_cm4\starter_kit\Obj\src\drivers\tcpwm\cy_tcpwm.o
#        D:\Traveo\T2G_Sample_Driver_Library_8.3.0\tviibe1m\tools\iar\flash\cm0plus_cm4\starter_kit\Obj\src\drivers\tcpwm\cy_tcpwm_counter.o
#        D:\Traveo\T2G_Sample_Driver_Library_8.3.0\tviibe1m\tools\iar\flash\cm0plus_cm4\starter_kit\Obj\src\drivers\tcpwm\cy_tcpwm_pwm.o
#        D:\Traveo\T2G_Sample_Driver_Library_8.3.0\tviibe1m\tools\iar\flash\cm0plus_cm4\starter_kit\Obj\src\drivers\tcpwm\cy_tcpwm_quaddec.o
#        D:\Traveo\T2G_Sample_Driver_Library_8.3.0\tviibe1m\tools\iar\flash\cm0plus_cm4\starter_kit\Obj\src\drivers\tcpwm\cy_tcpwm_sr.o
#        D:\Traveo\T2G_Sample_Driver_Library_8.3.0\tviibe1m\tools\iar\flash\cm0plus_cm4\starter_kit\Obj\src\drivers\trigmux\cy_trigmux.o
#        D:\Traveo\T2G_Sample_Driver_Library_8.3.0\tviibe1m\tools\iar\flash\cm0plus_cm4\starter_kit\Obj\src\main_cm0plus.o
#        D:\Traveo\T2G_Sample_Driver_Library_8.3.0\tviibe1m\tools\iar\flash\cm0plus_cm4\starter_kit\Obj\src\startup\startup.o
#        D:\Traveo\T2G_Sample_Driver_Library_8.3.0\tviibe1m\tools\iar\flash\cm0plus_cm4\starter_kit\Obj\src\startup\startup_cm0plus.o
#        D:\Traveo\T2G_Sample_Driver_Library_8.3.0\tviibe1m\tools\iar\flash\cm0plus_cm4\starter_kit\Obj\src\system\rev_d\system_tviibe1m_cm0plus.o
#        --no_out_extension -o
#        D:\Traveo\T2G_Sample_Driver_Library_8.3.0\tviibe1m\tools\iar\flash\cm0plus_cm4\starter_kit\Exe\cm0plus.out
#        --config_def _CORE_cm0plus_=0 --config_def _LINK_flash_=0 --map
#        D:\Traveo\T2G_Sample_Driver_Library_8.3.0\tviibe1m\tools\iar\flash\cm0plus_cm4\starter_kit\List\cm0plus.map
#        --config
#        D:\Traveo\T2G_Sample_Driver_Library_8.3.0\tviibe1m\tools\iar\flash\cm0plus_cm4\..\..\linker_directives_tviibe_rev_d.icf
#        --semihosting
#        D:\Traveo\T2G_Sample_Driver_Library_8.3.0\tviibe1m\tools\iar\flash\cm0plus_cm4\..\..\..\..\src\drivers\crypto\libs\libcrypto_server_cm0plus_iar.a
#        --entry __iar_program_start --vfe --text_out locale --cpu=Cortex-M0+
#        --fpu=None)
#
###############################################################################

*******************************************************************************
*** RUNTIME MODEL ATTRIBUTES
***

CppFlavor       = *
__CPP_Runtime   = 1
__SystemLibrary = DLib
__dlib_version  = 6


*******************************************************************************
*** HEAP SELECTION
***

The basic heap was selected because --advanced_heap
was not specified and the application did not appear to
be primarily optimized for speed.


*******************************************************************************
*** PLACEMENT SUMMARY
***

"A0":  place at start of [from 0x1000'0000 to 0x1007'ffff] { section .intvec };
"P1":  place in [from 0x1000'0000 to 0x1007'ffff] { ro };
"P2":  place in [from 0x800'0800 to 0x800'ffff] { rw };
define block HEAP with size = 512, alignment = 8 { };
define block CSTACK with size = 1K, alignment = 8 { };
define block HEAP_STACK { block HEAP, last block CSTACK };
"A2":  place at end of [from 0x800'0800 to 0x800'ffff] { block HEAP_STACK };
do not initialize { section .intvec_ram };
initialize by copy { rw };

No sections matched the following patterns:

  ro section .sflash_app_prot  in "P6"
  ro section .sflash_nar       in "P4"
  ro section .sflash_pkey      in "P5"
  ro section .sflash_toc2      in "P7"
  ro section .sflash_uf_rows   in "P3"
  ro section .work_flash       in "P8"
  section .cm4_rom             in "A1"


  Section            Kind         Address    Size  Object
  -------            ----         -------    ----  ------
"P2", part 1 of 3:                          0x5b8
  P2-1                         0x800'0800   0x5b8  <Init block>
    .data            inited    0x800'0800   0x584  cy_interrupt_map.o [30]
    .data            inited    0x800'0d84    0x34  main_cm0plus.o [1]
                             - 0x800'0db8   0x5b8

"P2", part 2 of 3:                           0x70
  .bss               zero      0x800'0db8    0x24  cy_syslib.o [22]
  .bss               zero      0x800'0ddc    0x18  cy_sysclk.o [19]
  .bss               zero      0x800'0df4    0x18  cy_syslib.o [22]
  .bss               zero      0x800'0e0c     0x4  cy_syslib.o [22]
  .bss               zero      0x800'0e10     0x4  system_tviibe1m_cm0plus.o [36]
  .bss               zero      0x800'0e14     0x4  system_tviibe1m_cm0plus.o [36]
  .bss               zero      0x800'0e18     0x4  system_tviibe1m_cm0plus.o [36]
  .bss               zero      0x800'0e1c     0x4  system_tviibe1m_cm0plus.o [36]
  .bss               zero      0x800'0e20     0x4  system_tviibe1m_cm0plus.o [36]
  .bss               zero      0x800'0e24     0x1  cy_sysclk.o [19]
  .bss               zero      0x800'0e25     0x1  cy_systick.o [26]
                             - 0x800'0e26    0x6e

"P2", part 3 of 3:                           0x80
  .intvec_ram        uninit    0x800'0f00    0x80  startup_cm0plus.o [35]
                             - 0x800'0f80    0x80

"A2":                                       0x400
  HEAP_STACK                   0x800'fc00   0x400  <Block>
    CSTACK                     0x800'fc00   0x400  <Block>
      CSTACK         uninit    0x800'fc00   0x400  <Block tail>
                             - 0x801'0000   0x400

"A0":                                        0x80
  .intvec            ro code  0x1000'0000    0x80  startup_cm0plus.o [35]
                            - 0x1000'0080    0x80

"P1":                                      0x1747
  .text              ro code  0x1000'0080   0x618  cy_sysclk.o [19]
  .text              ro code  0x1000'0698    0xc0  strncpy.o [39]
  .text              ro code  0x1000'0758    0x44  cy_syslib.o [22]
  .text              ro code  0x1000'079c    0x34  ABImemcpy.o [39]
  .text              ro code  0x1000'07d0    0xae  I32DivModFast.o [39]
  .text              ro code  0x1000'0880    0x42  ABImemset.o [39]
  .text              ro code  0x1000'08c2     0x4  cy_syslib.o [22]
  .text              ro code  0x1000'08c8     0x2  IntDivZer.o [39]
  .text              ro code  0x1000'08cc   0x2ac  startup.o [35]
  .text              ro code  0x1000'0b78   0x26c  system_tviibe1m_cm0plus.o [36]
  .text              ro code  0x1000'0de4    0x5c  cy_syswdt.o [27]
  .text              ro code  0x1000'0e40     0x8  startup_cm0plus.o [35]
  .text              ro code  0x1000'0e48     0x6  startup_cm0plus.o [35]
  .text              ro code  0x1000'0e50    0x1e  cy_syslib_iar.o [22]
  .text              ro code  0x1000'0e70   0x18c  cy_gpio.o [9]
  .text              ro code  0x1000'0ffc   0x184  cy_interrupt_map.o [30]
  .text              ro code  0x1000'1180    0xf4  cy_systick.o [26]
  .text              ro code  0x1000'1274    0x32  I64Mul.o [39]
  .text              ro code  0x1000'12a6    0x80  lz77_init_single.o [39]
  .text              ro code  0x1000'1328    0x6c  startup_cm0plus.o [35]
  .rodata            const    0x1000'1394    0x60  system_tviibe1m_cm0plus.o [36]
  .rodata            const    0x1000'13f4    0x54  cy_sysclk.o [19]
  .rodata            const    0x1000'1448    0x54  cy_sysclk.o [19]
  .rodata            const    0x1000'149c    0x54  cy_systick.o [26]
  .text              ro code  0x1000'14f0    0x44  main_cm0plus.o [1]
  .text              ro code  0x1000'1534    0x3c  zero_init3.o [39]
  .text              ro code  0x1000'1570    0x28  data_init.o [39]
  .iar.init_table    const    0x1000'1598    0x20  - Linker created -
  .text              ro code  0x1000'15b8    0x20  startup_cm0plus.o [35]
  .text              ro code  0x1000'15d8    0x1e  cmain.o [39]
  .text              ro code  0x1000'15f8     0x4  startup_cm0plus.o [35]
  .text              ro code  0x1000'15fc     0x8  exit.o [37]
  .text              ro code  0x1000'1604     0xa  cexit.o [39]
  .text              ro code  0x1000'1610    0x14  exit.o [40]
  .text              ro code  0x1000'1624    0x1c  startup_cm0plus.o [35]
  .text              ro code  0x1000'1640    0x1c  cstartup_M.o [39]
  .rodata            const    0x1000'165c    0x18  system_tviibe1m_cm0plus.o [36]
  .text              ro code  0x1000'1674     0xc  cy_syslib.o [22]
  .rodata            const    0x1000'1680     0x8  startup.o [35]
  .rodata            const    0x1000'1688     0x4  cy_interrupt_map.o [30]
  .rodata            const    0x1000'168c     0x4  cy_interrupt_map.o [30]
  .rodata            const    0x1000'1690     0x4  cy_interrupt_map.o [30]
  .rodata            const    0x1000'1694     0x4  cy_interrupt_map.o [30]
  .rodata            const    0x1000'1698     0x4  cy_interrupt_map.o [30]
  .rodata            const    0x1000'169c     0x4  cy_interrupt_map.o [30]
  .rodata            const    0x1000'16a0     0x4  cy_interrupt_map.o [30]
  .rodata            const    0x1000'16a4     0x4  cy_interrupt_map.o [30]
  .text              ro code  0x1000'16a8     0x2  startup_cm0plus.o [35]
  .text              ro code  0x1000'16ac     0x2  startup_cm0plus.o [35]
  .text              ro code  0x1000'16b0     0x2  startup_cm0plus.o [35]
  .text              ro code  0x1000'16b4     0x2  startup_cm0plus.o [35]
  .text              ro code  0x1000'16b8     0x2  startup_cm0plus.o [35]
  .text              ro code  0x1000'16bc     0x2  startup_cm0plus.o [35]
  .text              ro code  0x1000'16c0     0x2  startup_cm0plus.o [35]
  .text              ro code  0x1000'16c4     0x2  startup_cm0plus.o [35]
  .text              ro code  0x1000'16c8     0x2  startup_cm0plus.o [35]
  .text              ro code  0x1000'16cc     0x2  startup_cm0plus.o [35]
  .text              ro code  0x1000'16d0     0x2  startup_cm0plus.o [35]
  .rodata            const    0x1000'16d2     0x0  zero_init3.o [39]
  .rodata            const    0x1000'16d2     0x0  lz77_init_single.o [39]
  Initializer bytes  const    0x1000'16d2    0x1f  <for P2-1>
                            - 0x1000'16f1  0x1671

Unused ranges:

         From           To      Size
         ----           --      ----
   0x800'0e28   0x800'0eff      0xd8
   0x800'0f80   0x800'fbff    0xec80
  0x1000'17c7  0x1007'ffff  0x7'e839


*******************************************************************************
*** INIT TABLE
***

          Address      Size
          -------      ----
Zero (__iar_zero_init3)
    1 destination range, total size 0x6e:
           0x800'0db8   0x6e

Copy/lz77 (__iar_lz77_init_single3)
    1 source range, total size 0x1f (2% of destination):
          0x1000'16d2   0x1f
    1 destination range, total size 0x5b8:
           0x800'0800  0x5b8



*******************************************************************************
*** MODULE SUMMARY
***

    Module                     ro code  ro data  rw data
    ------                     -------  -------  -------
command line/config:
    ----------------------------------------------------
    Total:

D:\Traveo\T2G_Sample_Driver_Library_8.3.0\tviibe1m\tools\iar\flash\cm0plus_cm4\starter_kit\Obj\src: [1]
    main_cm0plus.o                  68        2       52
    ----------------------------------------------------
    Total:                          68        2       52

D:\Traveo\T2G_Sample_Driver_Library_8.3.0\tviibe1m\tools\iar\flash\cm0plus_cm4\starter_kit\Obj\src\drivers\adc: [2]
    ----------------------------------------------------
    Total:

D:\Traveo\T2G_Sample_Driver_Library_8.3.0\tviibe1m\tools\iar\flash\cm0plus_cm4\starter_kit\Obj\src\drivers\canfd: [3]
    ----------------------------------------------------
    Total:

D:\Traveo\T2G_Sample_Driver_Library_8.3.0\tviibe1m\tools\iar\flash\cm0plus_cm4\starter_kit\Obj\src\drivers\cpu: [4]
    ----------------------------------------------------
    Total:

D:\Traveo\T2G_Sample_Driver_Library_8.3.0\tviibe1m\tools\iar\flash\cm0plus_cm4\starter_kit\Obj\src\drivers\crypto: [5]
    ----------------------------------------------------
    Total:

D:\Traveo\T2G_Sample_Driver_Library_8.3.0\tviibe1m\tools\iar\flash\cm0plus_cm4\starter_kit\Obj\src\drivers\dma: [6]
    ----------------------------------------------------
    Total:

D:\Traveo\T2G_Sample_Driver_Library_8.3.0\tviibe1m\tools\iar\flash\cm0plus_cm4\starter_kit\Obj\src\drivers\evtgen: [7]
    ----------------------------------------------------
    Total:

D:\Traveo\T2G_Sample_Driver_Library_8.3.0\tviibe1m\tools\iar\flash\cm0plus_cm4\starter_kit\Obj\src\drivers\flash: [8]
    ----------------------------------------------------
    Total:

D:\Traveo\T2G_Sample_Driver_Library_8.3.0\tviibe1m\tools\iar\flash\cm0plus_cm4\starter_kit\Obj\src\drivers\gpio: [9]
    cy_gpio.o                      396
    ----------------------------------------------------
    Total:                         396

D:\Traveo\T2G_Sample_Driver_Library_8.3.0\tviibe1m\tools\iar\flash\cm0plus_cm4\starter_kit\Obj\src\drivers\ipc: [10]
    ----------------------------------------------------
    Total:

D:\Traveo\T2G_Sample_Driver_Library_8.3.0\tviibe1m\tools\iar\flash\cm0plus_cm4\starter_kit\Obj\src\drivers\lin: [11]
    ----------------------------------------------------
    Total:

D:\Traveo\T2G_Sample_Driver_Library_8.3.0\tviibe1m\tools\iar\flash\cm0plus_cm4\starter_kit\Obj\src\drivers\lvd: [12]
    ----------------------------------------------------
    Total:

D:\Traveo\T2G_Sample_Driver_Library_8.3.0\tviibe1m\tools\iar\flash\cm0plus_cm4\starter_kit\Obj\src\drivers\mcwdt: [13]
    ----------------------------------------------------
    Total:

D:\Traveo\T2G_Sample_Driver_Library_8.3.0\tviibe1m\tools\iar\flash\cm0plus_cm4\starter_kit\Obj\src\drivers\mpu: [14]
    ----------------------------------------------------
    Total:

D:\Traveo\T2G_Sample_Driver_Library_8.3.0\tviibe1m\tools\iar\flash\cm0plus_cm4\starter_kit\Obj\src\drivers\prot: [15]
    ----------------------------------------------------
    Total:

D:\Traveo\T2G_Sample_Driver_Library_8.3.0\tviibe1m\tools\iar\flash\cm0plus_cm4\starter_kit\Obj\src\drivers\scb: [16]
    ----------------------------------------------------
    Total:

D:\Traveo\T2G_Sample_Driver_Library_8.3.0\tviibe1m\tools\iar\flash\cm0plus_cm4\starter_kit\Obj\src\drivers\smartio: [17]
    ----------------------------------------------------
    Total:

D:\Traveo\T2G_Sample_Driver_Library_8.3.0\tviibe1m\tools\iar\flash\cm0plus_cm4\starter_kit\Obj\src\drivers\srom: [18]
    ----------------------------------------------------
    Total:

D:\Traveo\T2G_Sample_Driver_Library_8.3.0\tviibe1m\tools\iar\flash\cm0plus_cm4\starter_kit\Obj\src\drivers\sysclk: [19]
    cy_sysclk.o                  1'560      168       25
    ----------------------------------------------------
    Total:                       1'560      168       25

D:\Traveo\T2G_Sample_Driver_Library_8.3.0\tviibe1m\tools\iar\flash\cm0plus_cm4\starter_kit\Obj\src\drivers\sysflt: [20]
    ----------------------------------------------------
    Total:

D:\Traveo\T2G_Sample_Driver_Library_8.3.0\tviibe1m\tools\iar\flash\cm0plus_cm4\starter_kit\Obj\src\drivers\sysint: [21]
    ----------------------------------------------------
    Total:

D:\Traveo\T2G_Sample_Driver_Library_8.3.0\tviibe1m\tools\iar\flash\cm0plus_cm4\starter_kit\Obj\src\drivers\syslib: [22]
    cy_syslib.o                     84                64
    cy_syslib_iar.o                 30
    ----------------------------------------------------
    Total:                         114                64

D:\Traveo\T2G_Sample_Driver_Library_8.3.0\tviibe1m\tools\iar\flash\cm0plus_cm4\starter_kit\Obj\src\drivers\syspm: [23]
    ----------------------------------------------------
    Total:

D:\Traveo\T2G_Sample_Driver_Library_8.3.0\tviibe1m\tools\iar\flash\cm0plus_cm4\starter_kit\Obj\src\drivers\sysreset: [24]
    ----------------------------------------------------
    Total:

D:\Traveo\T2G_Sample_Driver_Library_8.3.0\tviibe1m\tools\iar\flash\cm0plus_cm4\starter_kit\Obj\src\drivers\sysrtc: [25]
    ----------------------------------------------------
    Total:

D:\Traveo\T2G_Sample_Driver_Library_8.3.0\tviibe1m\tools\iar\flash\cm0plus_cm4\starter_kit\Obj\src\drivers\systick: [26]
    cy_systick.o                   244       84        1
    ----------------------------------------------------
    Total:                         244       84        1

D:\Traveo\T2G_Sample_Driver_Library_8.3.0\tviibe1m\tools\iar\flash\cm0plus_cm4\starter_kit\Obj\src\drivers\syswdt: [27]
    cy_syswdt.o                     92
    ----------------------------------------------------
    Total:                          92

D:\Traveo\T2G_Sample_Driver_Library_8.3.0\tviibe1m\tools\iar\flash\cm0plus_cm4\starter_kit\Obj\src\drivers\tcpwm: [28]
    ----------------------------------------------------
    Total:

D:\Traveo\T2G_Sample_Driver_Library_8.3.0\tviibe1m\tools\iar\flash\cm0plus_cm4\starter_kit\Obj\src\drivers\trigmux: [29]
    ----------------------------------------------------
    Total:

D:\Traveo\T2G_Sample_Driver_Library_8.3.0\tviibe1m\tools\iar\flash\cm0plus_cm4\starter_kit\Obj\src\interrupts\rev_d: [30]
    cy_interrupt_map.o             388       61    1'412
    ----------------------------------------------------
    Total:                         388       61    1'412

D:\Traveo\T2G_Sample_Driver_Library_8.3.0\tviibe1m\tools\iar\flash\cm0plus_cm4\starter_kit\Obj\src\mw\button: [31]
    ----------------------------------------------------
    Total:

D:\Traveo\T2G_Sample_Driver_Library_8.3.0\tviibe1m\tools\iar\flash\cm0plus_cm4\starter_kit\Obj\src\mw\flash: [32]
    ----------------------------------------------------
    Total:

D:\Traveo\T2G_Sample_Driver_Library_8.3.0\tviibe1m\tools\iar\flash\cm0plus_cm4\starter_kit\Obj\src\mw\semihosting: [33]
    ----------------------------------------------------
    Total:

D:\Traveo\T2G_Sample_Driver_Library_8.3.0\tviibe1m\tools\iar\flash\cm0plus_cm4\starter_kit\Obj\src\mw\sw_timer: [34]
    ----------------------------------------------------
    Total:

D:\Traveo\T2G_Sample_Driver_Library_8.3.0\tviibe1m\tools\iar\flash\cm0plus_cm4\starter_kit\Obj\src\startup: [35]
    startup.o                      684        8
    startup_cm0plus.o              336               128
    ----------------------------------------------------
    Total:                       1'020        8      128

D:\Traveo\T2G_Sample_Driver_Library_8.3.0\tviibe1m\tools\iar\flash\cm0plus_cm4\starter_kit\Obj\src\system\rev_d: [36]
    system_tviibe1m_cm0plus.o      620      120       20
    ----------------------------------------------------
    Total:                         620      120       20

dl6M_tln.a: [37]
    exit.o                           8
    ----------------------------------------------------
    Total:                           8

m6M_tl.a: [38]
    ----------------------------------------------------
    Total:

rt6M_tl.a: [39]
    ABImemcpy.o                     52
    ABImemset.o                     66
    I32DivModFast.o                174
    I64Mul.o                        50
    IntDivZer.o                      2
    cexit.o                         10
    cmain.o                         30
    cstartup_M.o                    28
    data_init.o                     40
    lz77_init_single.o             128
    strncpy.o                      192
    zero_init3.o                    60
    ----------------------------------------------------
    Total:                         832

shb_l.a: [40]
    exit.o                          20
    ----------------------------------------------------
    Total:                          20

    Gaps                            36
    Linker created                           32    1'024
--------------------------------------------------------
    Grand Total:                 5'398      475    2'726


*******************************************************************************
*** ENTRY LIST
***

Entry                       Address   Size  Type      Object
-----                       -------   ----  ----      ------
.iar.init_table$$Base   0x1000'1598          --   Gb  - Linker created -
.iar.init_table$$Limit  0x1000'15b8          --   Gb  - Linker created -
?main                   0x1000'15d9         Code  Gb  cmain.o [39]
CSTACK$$Base             0x800'fc00          --   Gb  - Linker created -
CSTACK$$Limit            0x801'0000          --   Gb  - Linker created -
CopyVectorTable         0x1000'0a8b   0x32  Code  Lc  startup.o [35]
CpuUserInt0_Handler     0x1000'1019   0x24  Code  Gb  cy_interrupt_map.o [30]
CpuUserInt10_Handler    0x1000'16bd         Code  Wk  startup_cm0plus.o [35]
CpuUserInt11_Handler    0x1000'16c1         Code  Wk  startup_cm0plus.o [35]
CpuUserInt12_Handler    0x1000'16c5         Code  Wk  startup_cm0plus.o [35]
CpuUserInt13_Handler    0x1000'16c9         Code  Wk  startup_cm0plus.o [35]
CpuUserInt14_Handler    0x1000'16cd         Code  Wk  startup_cm0plus.o [35]
CpuUserInt15_Handler    0x1000'16d1         Code  Wk  startup_cm0plus.o [35]
CpuUserInt1_Handler     0x1000'103d   0x24  Code  Gb  cy_interrupt_map.o [30]
CpuUserInt2_Handler     0x1000'1061   0x24  Code  Gb  cy_interrupt_map.o [30]
CpuUserInt3_Handler     0x1000'1085   0x24  Code  Gb  cy_interrupt_map.o [30]
CpuUserInt4_Handler     0x1000'10a9   0x24  Code  Gb  cy_interrupt_map.o [30]
CpuUserInt5_Handler     0x1000'10cd   0x24  Code  Gb  cy_interrupt_map.o [30]
CpuUserInt6_Handler     0x1000'10f1   0x24  Code  Gb  cy_interrupt_map.o [30]
CpuUserInt7_Handler     0x1000'1115   0x24  Code  Gb  cy_interrupt_map.o [30]
CpuUserInt8_Handler     0x1000'16b5         Code  Wk  startup_cm0plus.o [35]
CpuUserInt9_Handler     0x1000'16b9         Code  Wk  startup_cm0plus.o [35]
Cy_DefaultUserHandler   0x1000'1015    0x4  Code  Gb  cy_interrupt_map.o [30]
Cy_GPIO_ClearInterrupt  0x1000'0f3d    0xc  Code  Lc  cy_gpio.o [9]
Cy_GPIO_Inv             0x1000'14f1    0x8  Code  Lc  main_cm0plus.o [1]
Cy_GPIO_Pin_Init        0x1000'0f7f   0x72  Code  Gb  cy_gpio.o [9]
Cy_GPIO_SetDriveSel     0x1000'0f1f   0x1e  Code  Lc  cy_gpio.o [9]
Cy_GPIO_SetDrivemode    0x1000'0ecf   0x1c  Code  Lc  cy_gpio.o [9]
Cy_GPIO_SetHSIOM        0x1000'0e71   0x48  Code  Lc  cy_gpio.o [9]
Cy_GPIO_SetInterruptEdge
                        0x1000'0f63   0x1c  Code  Lc  cy_gpio.o [9]
Cy_GPIO_SetInterruptMask
                        0x1000'0f49   0x1a  Code  Lc  cy_gpio.o [9]
Cy_GPIO_SetSlewRate     0x1000'0f05   0x1a  Code  Lc  cy_gpio.o [9]
Cy_GPIO_SetVtrip        0x1000'0eeb   0x1a  Code  Lc  cy_gpio.o [9]
Cy_GPIO_Write           0x1000'0eb9   0x16  Code  Lc  cy_gpio.o [9]
Cy_RestoreIRQ           0x1000'0e49         Code  Gb  startup_cm0plus.o [35]
Cy_SaveIRQ              0x1000'0e41         Code  Gb  startup_cm0plus.o [35]
Cy_SysClk_ClkPathGetSource
                        0x1000'018d   0x4c  Code  Gb  cy_sysclk.o [19]
Cy_SysClk_EcoGetStatus  0x1000'0081   0x1a  Code  Lc  cy_sysclk.o [19]
Cy_SysClk_FllGetConfiguration
                        0x1000'01ed   0x72  Code  Gb  cy_sysclk.o [19]
Cy_SysClk_FllGetLockStatus
                        0x1000'009b    0xc  Code  Lc  cy_sysclk.o [19]
Cy_SysClk_GetClkPeriFrequency
                        0x1000'0635   0x32  Code  Gb  cy_sysclk.o [19]
Cy_SysClk_GetClkSlowFrequency
                        0x1000'0667   0x2a  Code  Gb  cy_sysclk.o [19]
Cy_SysClk_GetCoreFrequency
                        0x1000'0691    0x8  Code  Gb  cy_sysclk.o [19]
Cy_SysClk_GetEcoFrequency
                        0x1000'0303   0x2e  Code  Gb  cy_sysclk.o [19]
Cy_SysClk_GetExtFrequency
                        0x1000'0333   0x1c  Code  Gb  cy_sysclk.o [19]
Cy_SysClk_GetFllInputFrequency
                        0x1000'043f    0xc  Code  Gb  cy_sysclk.o [19]
Cy_SysClk_GetFllOutputFrequency
                        0x1000'0467   0x72  Code  Gb  cy_sysclk.o [19]
Cy_SysClk_GetHfClkFrequency
                        0x1000'05c3   0x68  Code  Gb  cy_sysclk.o [19]
Cy_SysClk_GetIlo0Frequency
                        0x1000'034f   0x2e  Code  Gb  cy_sysclk.o [19]
Cy_SysClk_GetIlo1Frequency
                        0x1000'037f   0x2e  Code  Gb  cy_sysclk.o [19]
Cy_SysClk_GetImoFrequency
                        0x1000'02d3   0x2e  Code  Gb  cy_sysclk.o [19]
Cy_SysClk_GetPathFrequency
                        0x1000'0591   0x32  Code  Gb  cy_sysclk.o [19]
Cy_SysClk_GetPathSourceFrequency
                        0x1000'03df   0x60  Code  Gb  cy_sysclk.o [19]
Cy_SysClk_GetPllInputFrequency
                        0x1000'044b   0x1c  Code  Gb  cy_sysclk.o [19]
Cy_SysClk_GetPllOutputFrequency
                        0x1000'04e9   0xa0  Code  Gb  cy_sysclk.o [19]
Cy_SysClk_GetWcoFrequency
                        0x1000'03af   0x2e  Code  Gb  cy_sysclk.o [19]
Cy_SysClk_HfClockGetDivider
                        0x1000'0113   0x3a  Code  Lc  cy_sysclk.o [19]
Cy_SysClk_HfClockGetSource
                        0x1000'00db   0x36  Code  Lc  cy_sysclk.o [19]
Cy_SysClk_InitGetFreqParams
                        0x1000'02bd   0x16  Code  Gb  cy_sysclk.o [19]
Cy_SysClk_PeriClkGetDivider
                        0x1000'014d    0xa  Code  Lc  cy_sysclk.o [19]
Cy_SysClk_PllGetConfiguration
                        0x1000'0271   0x44  Code  Gb  cy_sysclk.o [19]
Cy_SysClk_PllGetLockStatus
                        0x1000'00a7   0x22  Code  Lc  cy_sysclk.o [19]
Cy_SysClk_SlowClkGetDivider
                        0x1000'015d    0xa  Code  Lc  cy_sysclk.o [19]
Cy_SysClk_WcoOkay       0x1000'00cb    0xe  Code  Lc  cy_sysclk.o [19]
Cy_SysEnableApplCore    0x1000'0d33   0x2c  Code  Gb  system_tviibe1m_cm0plus.o [36]
Cy_SysGetApplCoreStatus
                        0x1000'0d29    0xa  Code  Gb  system_tviibe1m_cm0plus.o [36]
Cy_SysLib_DelayCycles   0x1000'0e51         Code  Gb  cy_syslib_iar.o [22]
Cy_SysLib_EnterCriticalSection
                        0x1000'0e61         Code  Gb  cy_syslib_iar.o [22]
Cy_SysLib_ExitCriticalSection
                        0x1000'0e69         Code  Gb  cy_syslib_iar.o [22]
Cy_SysLib_FaultHandler  0x1000'075f   0x34  Code  Gb  cy_syslib.o [22]
Cy_SysLib_Halt          0x1000'0759    0x6  Code  Gb  cy_syslib.o [22]
Cy_SysLib_ProcessingFault
                        0x1000'08c3    0x4  Code  Wk  cy_syslib.o [22]
Cy_SysLib_SvcHandler    0x1000'1675    0xc  Code  Wk  cy_syslib.o [22]
Cy_SysTick_DelayCoreCycle
                        0x1000'1181   0x80  Code  Gb  cy_systick.o [26]
Cy_SysTick_DelayCoreCycle::isThisBeingCalled
                         0x800'0e25    0x1  Data  Lc  cy_systick.o [26]
Cy_SysTick_DelayInUs    0x1000'1201   0x44  Code  Gb  cy_systick.o [26]
Cy_SystemIrqUserTable    0x800'0800  0x584  Data  Gb  cy_interrupt_map.o [30]
Cy_WDT_Disable          0x1000'0e21   0x16  Code  Gb  cy_syswdt.o [27]
Cy_WDT_Lock             0x1000'0de5   0x16  Code  Gb  cy_syswdt.o [27]
Cy_WDT_Unlock           0x1000'0dfb   0x26  Code  Gb  cy_syswdt.o [27]
Cy_u32StartupStackEndAddress
                        0x1000'1390         Data  Gb  startup_cm0plus.o [35]
Cy_u32StartupStackStartAddress
                        0x1000'138c         Data  Gb  startup_cm0plus.o [35]
HEAP_STACK$$Base         0x800'fc00          --   Gb  - Linker created -
HEAP_STACK$$Limit        0x801'0000          --   Gb  - Linker created -
HardFault_Handler       0x1000'15b9         Code  Wk  startup_cm0plus.o [35]
InitRamEcc              0x1000'096d  0x10a  Code  Lc  startup.o [35]
InitRamEccClearArea     0x1000'0a77   0x14  Code  Lc  startup.o [35]
NMI_Handler             0x1000'16a9         Code  Wk  startup_cm0plus.o [35]
PendSV_Handler          0x1000'16ad         Code  Wk  startup_cm0plus.o [35]
PrepareSystemCallInfrastructure
                        0x1000'0abd   0x92  Code  Lc  startup.o [35]
Region$$Table$$Base     0x1000'1598          --   Gb  - Linker created -
Region$$Table$$Limit    0x1000'15b8          --   Gb  - Linker created -
Reset_Handler           0x1000'1329         Code  Wk  startup_cm0plus.o [35]
SVC_Handler             0x1000'1625         Code  Wk  startup_cm0plus.o [35]
Startup_Init            0x1000'095d   0x10  Code  Gb  startup.o [35]
SysTick_Handler         0x1000'16b1         Code  Wk  startup_cm0plus.o [35]
SystemCoreClock          0x800'0e10    0x4  Data  Gb  system_tviibe1m_cm0plus.o [36]
SystemCoreClockUpdate   0x1000'0c95   0x94  Code  Gb  system_tviibe1m_cm0plus.o [36]
SystemInit              0x1000'0b79  0x11c  Code  Gb  system_tviibe1m_cm0plus.o [36]
__NVIC_ClearPendingIRQ  0x1000'0ffd   0x18  Code  Lc  cy_interrupt_map.o [30]
__NVIC_EnableIRQ        0x1000'08cd   0x18  Code  Lc  startup.o [35]
__NVIC_SetPriority      0x1000'08e5   0x78  Code  Lc  startup.o [35]
__Vectors               0x1000'0000          --   Gb  startup_cm0plus.o [35]
__Vectors_End           0x1000'0080         Data  Gb  startup_cm0plus.o [35]
__Vectors_Size {Abs}           0x80          --   Gb  startup_cm0plus.o [35]
__aeabi_idiv0           0x1000'08c9         Code  Gb  IntDivZer.o [39]
__aeabi_lmul            0x1000'1275         Code  Gb  I64Mul.o [39]
__aeabi_memcpy4         0x1000'079d         Code  Gb  ABImemcpy.o [39]
__aeabi_memcpy8         0x1000'079d         Code  Gb  ABImemcpy.o [39]
__aeabi_uidiv           0x1000'07d1         Code  Gb  I32DivModFast.o [39]
__aeabi_uidivmod        0x1000'07d1         Code  Gb  I32DivModFast.o [39]
__cm4_vector_base_linker_symbol {Abs}
                        0x1008'0000         Data  Gb  <internal module>
__cmain                 0x1000'15d9         Code  Gb  cmain.o [39]
__ecc_init_sram_end_address {Abs}
                         0x800'ffff         Data  Gb  <internal module>
__ecc_init_sram_start_address {Abs}
                         0x800'0800         Data  Gb  <internal module>
__exit                  0x1000'1611   0x14  Code  Gb  exit.o [40]
__iar_Memset4_word      0x1000'0895         Code  Gb  ABImemset.o [39]
__iar_Memset_word       0x1000'0881         Code  Gb  ABImemset.o [39]
__iar_data_init3        0x1000'1571   0x28  Code  Gb  data_init.o [39]
__iar_lz77_init_single3
                        0x1000'12a7   0x80  Code  Gb  lz77_init_single.o [39]
__iar_program_start     0x1000'1641         Code  Gb  cstartup_M.o [39]
__iar_zero_init3        0x1000'1535   0x3c  Code  Gb  zero_init3.o [39]
__low_level_init        0x1000'15f9         Code  Gb  startup_cm0plus.o [35]
__ramVectors             0x800'0f00         Data  Gb  startup_cm0plus.o [35]
__vector_table          0x1000'0000         Data  Gb  startup_cm0plus.o [35]
__vector_table_0x1c     0x1000'001c         Data  Gb  startup_cm0plus.o [35]
_call_main              0x1000'15e5         Code  Gb  cmain.o [39]
_exit                   0x1000'1605         Code  Gb  cexit.o [39]
cy_assertFileName        0x800'0df4   0x18  Data  Gb  cy_syslib.o [22]
cy_assertLine            0x800'0e0c    0x4  Data  Gb  cy_syslib.o [22]
cy_delay32kMs            0x800'0e20    0x4  Data  Gb  system_tviibe1m_cm0plus.o [36]
cy_delayFreqHz           0x800'0e14    0x4  Data  Gb  system_tviibe1m_cm0plus.o [36]
cy_delayFreqKhz          0x800'0e18    0x4  Data  Gb  system_tviibe1m_cm0plus.o [36]
cy_delayFreqMhz          0x800'0e1c    0x4  Data  Gb  system_tviibe1m_cm0plus.o [36]
cy_faultFrame            0x800'0db8   0x24  Data  Gb  cy_syslib.o [22]
exit                    0x1000'15fd    0x8  Code  Gb  exit.o [37]
intFreqInitialized       0x800'0e24    0x1  Data  Gb  cy_sysclk.o [19]
internalBaseFreqInfo     0x800'0ddc   0x18  Data  Gb  cy_sysclk.o [19]
main                    0x1000'14f9   0x2a  Code  Gb  main_cm0plus.o [1]
strncpy                 0x1000'0699         Code  Gb  strncpy.o [39]
user_led_port_pin_cfg    0x800'0d84   0x34  Data  Gb  main_cm0plus.o [1]


[1] = D:\Traveo\T2G_Sample_Driver_Library_8.3.0\tviibe1m\tools\iar\flash\cm0plus_cm4\starter_kit\Obj\src
[2] = D:\Traveo\T2G_Sample_Driver_Library_8.3.0\tviibe1m\tools\iar\flash\cm0plus_cm4\starter_kit\Obj\src\drivers\adc
[3] = D:\Traveo\T2G_Sample_Driver_Library_8.3.0\tviibe1m\tools\iar\flash\cm0plus_cm4\starter_kit\Obj\src\drivers\canfd
[4] = D:\Traveo\T2G_Sample_Driver_Library_8.3.0\tviibe1m\tools\iar\flash\cm0plus_cm4\starter_kit\Obj\src\drivers\cpu
[5] = D:\Traveo\T2G_Sample_Driver_Library_8.3.0\tviibe1m\tools\iar\flash\cm0plus_cm4\starter_kit\Obj\src\drivers\crypto
[6] = D:\Traveo\T2G_Sample_Driver_Library_8.3.0\tviibe1m\tools\iar\flash\cm0plus_cm4\starter_kit\Obj\src\drivers\dma
[7] = D:\Traveo\T2G_Sample_Driver_Library_8.3.0\tviibe1m\tools\iar\flash\cm0plus_cm4\starter_kit\Obj\src\drivers\evtgen
[8] = D:\Traveo\T2G_Sample_Driver_Library_8.3.0\tviibe1m\tools\iar\flash\cm0plus_cm4\starter_kit\Obj\src\drivers\flash
[9] = D:\Traveo\T2G_Sample_Driver_Library_8.3.0\tviibe1m\tools\iar\flash\cm0plus_cm4\starter_kit\Obj\src\drivers\gpio
[10] = D:\Traveo\T2G_Sample_Driver_Library_8.3.0\tviibe1m\tools\iar\flash\cm0plus_cm4\starter_kit\Obj\src\drivers\ipc
[11] = D:\Traveo\T2G_Sample_Driver_Library_8.3.0\tviibe1m\tools\iar\flash\cm0plus_cm4\starter_kit\Obj\src\drivers\lin
[12] = D:\Traveo\T2G_Sample_Driver_Library_8.3.0\tviibe1m\tools\iar\flash\cm0plus_cm4\starter_kit\Obj\src\drivers\lvd
[13] = D:\Traveo\T2G_Sample_Driver_Library_8.3.0\tviibe1m\tools\iar\flash\cm0plus_cm4\starter_kit\Obj\src\drivers\mcwdt
[14] = D:\Traveo\T2G_Sample_Driver_Library_8.3.0\tviibe1m\tools\iar\flash\cm0plus_cm4\starter_kit\Obj\src\drivers\mpu
[15] = D:\Traveo\T2G_Sample_Driver_Library_8.3.0\tviibe1m\tools\iar\flash\cm0plus_cm4\starter_kit\Obj\src\drivers\prot
[16] = D:\Traveo\T2G_Sample_Driver_Library_8.3.0\tviibe1m\tools\iar\flash\cm0plus_cm4\starter_kit\Obj\src\drivers\scb
[17] = D:\Traveo\T2G_Sample_Driver_Library_8.3.0\tviibe1m\tools\iar\flash\cm0plus_cm4\starter_kit\Obj\src\drivers\smartio
[18] = D:\Traveo\T2G_Sample_Driver_Library_8.3.0\tviibe1m\tools\iar\flash\cm0plus_cm4\starter_kit\Obj\src\drivers\srom
[19] = D:\Traveo\T2G_Sample_Driver_Library_8.3.0\tviibe1m\tools\iar\flash\cm0plus_cm4\starter_kit\Obj\src\drivers\sysclk
[20] = D:\Traveo\T2G_Sample_Driver_Library_8.3.0\tviibe1m\tools\iar\flash\cm0plus_cm4\starter_kit\Obj\src\drivers\sysflt
[21] = D:\Traveo\T2G_Sample_Driver_Library_8.3.0\tviibe1m\tools\iar\flash\cm0plus_cm4\starter_kit\Obj\src\drivers\sysint
[22] = D:\Traveo\T2G_Sample_Driver_Library_8.3.0\tviibe1m\tools\iar\flash\cm0plus_cm4\starter_kit\Obj\src\drivers\syslib
[23] = D:\Traveo\T2G_Sample_Driver_Library_8.3.0\tviibe1m\tools\iar\flash\cm0plus_cm4\starter_kit\Obj\src\drivers\syspm
[24] = D:\Traveo\T2G_Sample_Driver_Library_8.3.0\tviibe1m\tools\iar\flash\cm0plus_cm4\starter_kit\Obj\src\drivers\sysreset
[25] = D:\Traveo\T2G_Sample_Driver_Library_8.3.0\tviibe1m\tools\iar\flash\cm0plus_cm4\starter_kit\Obj\src\drivers\sysrtc
[26] = D:\Traveo\T2G_Sample_Driver_Library_8.3.0\tviibe1m\tools\iar\flash\cm0plus_cm4\starter_kit\Obj\src\drivers\systick
[27] = D:\Traveo\T2G_Sample_Driver_Library_8.3.0\tviibe1m\tools\iar\flash\cm0plus_cm4\starter_kit\Obj\src\drivers\syswdt
[28] = D:\Traveo\T2G_Sample_Driver_Library_8.3.0\tviibe1m\tools\iar\flash\cm0plus_cm4\starter_kit\Obj\src\drivers\tcpwm
[29] = D:\Traveo\T2G_Sample_Driver_Library_8.3.0\tviibe1m\tools\iar\flash\cm0plus_cm4\starter_kit\Obj\src\drivers\trigmux
[30] = D:\Traveo\T2G_Sample_Driver_Library_8.3.0\tviibe1m\tools\iar\flash\cm0plus_cm4\starter_kit\Obj\src\interrupts\rev_d
[31] = D:\Traveo\T2G_Sample_Driver_Library_8.3.0\tviibe1m\tools\iar\flash\cm0plus_cm4\starter_kit\Obj\src\mw\button
[32] = D:\Traveo\T2G_Sample_Driver_Library_8.3.0\tviibe1m\tools\iar\flash\cm0plus_cm4\starter_kit\Obj\src\mw\flash
[33] = D:\Traveo\T2G_Sample_Driver_Library_8.3.0\tviibe1m\tools\iar\flash\cm0plus_cm4\starter_kit\Obj\src\mw\semihosting
[34] = D:\Traveo\T2G_Sample_Driver_Library_8.3.0\tviibe1m\tools\iar\flash\cm0plus_cm4\starter_kit\Obj\src\mw\sw_timer
[35] = D:\Traveo\T2G_Sample_Driver_Library_8.3.0\tviibe1m\tools\iar\flash\cm0plus_cm4\starter_kit\Obj\src\startup
[36] = D:\Traveo\T2G_Sample_Driver_Library_8.3.0\tviibe1m\tools\iar\flash\cm0plus_cm4\starter_kit\Obj\src\system\rev_d
[37] = dl6M_tln.a
[38] = m6M_tl.a
[39] = rt6M_tl.a
[40] = shb_l.a

  5'398 bytes of readonly  code memory
    475 bytes of readonly  data memory
  2'726 bytes of readwrite data memory

Errors: none
Warnings: none
